Component: ARM Compiler 5.06 update 4 (build 422) Tool: armlink [4d35d2]

==============================================================================

Section Cross References

    startup_stm32f103xe.o(STACK) refers (Special) to heapauxi.o(.text) for __use_two_region_memory
    startup_stm32f103xe.o(HEAP) refers (Special) to heapauxi.o(.text) for __use_two_region_memory
    startup_stm32f103xe.o(RESET) refers (Special) to heapauxi.o(.text) for __use_two_region_memory
    startup_stm32f103xe.o(RESET) refers to startup_stm32f103xe.o(STACK) for __initial_sp
    startup_stm32f103xe.o(RESET) refers to startup_stm32f103xe.o(.text) for Reset_Handler
    startup_stm32f103xe.o(RESET) refers to stm32f1xx_it.o(i.NMI_Handler) for NMI_Handler
    startup_stm32f103xe.o(RESET) refers to stm32f1xx_it.o(i.HardFault_Handler) for HardFault_Handler
    startup_stm32f103xe.o(RESET) refers to stm32f1xx_it.o(i.MemManage_Handler) for MemManage_Handler
    startup_stm32f103xe.o(RESET) refers to stm32f1xx_it.o(i.BusFault_Handler) for BusFault_Handler
    startup_stm32f103xe.o(RESET) refers to stm32f1xx_it.o(i.UsageFault_Handler) for UsageFault_Handler
    startup_stm32f103xe.o(RESET) refers to stm32f1xx_it.o(i.SVC_Handler) for SVC_Handler
    startup_stm32f103xe.o(RESET) refers to stm32f1xx_it.o(i.DebugMon_Handler) for DebugMon_Handler
    startup_stm32f103xe.o(RESET) refers to stm32f1xx_it.o(i.PendSV_Handler) for PendSV_Handler
    startup_stm32f103xe.o(RESET) refers to stm32f1xx_it.o(i.SysTick_Handler) for SysTick_Handler
    startup_stm32f103xe.o(RESET) refers to stm32f1xx_it.o(i.TIM5_IRQHandler) for TIM5_IRQHandler
    startup_stm32f103xe.o(.text) refers (Special) to heapauxi.o(.text) for __use_two_region_memory
    startup_stm32f103xe.o(.text) refers to system_stm32f1xx.o(i.SystemInit) for SystemInit
    startup_stm32f103xe.o(.text) refers to __main.o(!!!main) for __main
    startup_stm32f103xe.o(.text) refers to startup_stm32f103xe.o(HEAP) for Heap_Mem
    startup_stm32f103xe.o(.text) refers to startup_stm32f103xe.o(STACK) for Stack_Mem
    main.o(i.HAL_TIM_PeriodElapsedCallback) refers to stm32f1xx_hal_gpio.o(i.HAL_GPIO_TogglePin) for HAL_GPIO_TogglePin
    main.o(i.HAL_TIM_PeriodElapsedCallback) refers to fflt_clz.o(x$fpl$ffltu) for __aeabi_ui2f
    main.o(i.HAL_TIM_PeriodElapsedCallback) refers to faddsub_clz.o(x$fpl$fsub) for __aeabi_fsub
    main.o(i.HAL_TIM_PeriodElapsedCallback) refers to fdiv.o(x$fpl$fdiv) for __aeabi_fdiv
    main.o(i.HAL_TIM_PeriodElapsedCallback) refers to tim.o(.bss) for htim5
    main.o(i.HAL_TIM_PeriodElapsedCallback) refers to main.o(.data) for .data
    main.o(i.SystemClock_Config) refers to rt_memclr_w.o(.text) for __aeabi_memclr4
    main.o(i.SystemClock_Config) refers to stm32f1xx_hal_rcc.o(i.HAL_RCC_OscConfig) for HAL_RCC_OscConfig
    main.o(i.SystemClock_Config) refers to stm32f1xx_hal_rcc.o(i.HAL_RCC_ClockConfig) for HAL_RCC_ClockConfig
    main.o(i.main) refers to _printf_percent.o(.ARM.Collect$$_printf_percent$$00000000) for _printf_percent
    main.o(i.main) refers to _printf_f.o(.ARM.Collect$$_printf_percent$$00000003) for _printf_f
    main.o(i.main) refers to printf1.o(x$fpl$printf1) for _printf_fp_dec
    main.o(i.main) refers to stm32f1xx_hal.o(i.HAL_Init) for HAL_Init
    main.o(i.main) refers to main.o(i.SystemClock_Config) for SystemClock_Config
    main.o(i.main) refers to gpio.o(i.MX_GPIO_Init) for MX_GPIO_Init
    main.o(i.main) refers to i2c.o(i.MX_I2C1_Init) for MX_I2C1_Init
    main.o(i.main) refers to i2c.o(i.MX_I2C2_Init) for MX_I2C2_Init
    main.o(i.main) refers to tim.o(i.MX_TIM2_Init) for MX_TIM2_Init
    main.o(i.main) refers to tim.o(i.MX_TIM3_Init) for MX_TIM3_Init
    main.o(i.main) refers to tim.o(i.MX_TIM4_Init) for MX_TIM4_Init
    main.o(i.main) refers to usart.o(i.MX_USART1_UART_Init) for MX_USART1_UART_Init
    main.o(i.main) refers to tim.o(i.MX_TIM5_Init) for MX_TIM5_Init
    main.o(i.main) refers to stm32f1xx_hal_tim.o(i.HAL_TIM_Base_Start_IT) for HAL_TIM_Base_Start_IT
    main.o(i.main) refers to oled.o(i.OLED_Init) for OLED_Init
    main.o(i.main) refers to oled.o(i.OLED_CLS) for OLED_CLS
    main.o(i.main) refers to mpu6050.o(i.w_mpu_init) for w_mpu_init
    main.o(i.main) refers to mpu6050.o(i.dmp_init) for dmp_init
    main.o(i.main) refers to stm32f1xx_hal_tim.o(i.HAL_TIM_Encoder_Start) for HAL_TIM_Encoder_Start
    main.o(i.main) refers to stm32f1xx_hal_tim.o(i.HAL_TIM_PWM_Start) for HAL_TIM_PWM_Start
    main.o(i.main) refers to stm32f1xx_hal_gpio.o(i.HAL_GPIO_WritePin) for HAL_GPIO_WritePin
    main.o(i.main) refers to oled.o(i.OLED_ShowStr) for OLED_ShowStr
    main.o(i.main) refers to motor.o(i.Motor_forward) for Motor_forward
    main.o(i.main) refers to motor.o(i.MotorDriver_SetPWMDuty) for MotorDriver_SetPWMDuty
    main.o(i.main) refers to stm32f1xx_hal.o(i.HAL_Delay) for HAL_Delay
    main.o(i.main) refers to f2d.o(x$fpl$f2d) for __aeabi_f2d
    main.o(i.main) refers to noretval__2sprintf.o(.text) for __2sprintf
[...]
    i.w_mpu_init                             0x08005fd0   Section        0  mpu6050.o(i.w_mpu_init)
    i.w_mpu_read_byte                        0x08006040   Section        0  mpu6050.o(i.w_mpu_read_byte)
    i.w_mpu_read_device_address              0x08006070   Section        0  mpu6050.o(i.w_mpu_read_device_address)
    i.w_mpu_set_acce_fsr                     0x08006088   Section        0  mpu6050.o(i.w_mpu_set_acce_fsr)
    i.w_mpu_set_dlpf                         0x0800609c   Section        0  mpu6050.o(i.w_mpu_set_dlpf)
    i.w_mpu_set_gyro_fsr                     0x080060ae   Section        0  mpu6050.o(i.w_mpu_set_gyro_fsr)
    i.w_mpu_set_sample_rate                  0x080060c2   Section        0  mpu6050.o(i.w_mpu_set_sample_rate)
    i.w_mpu_write_byte                       0x080060d4   Section        0  mpu6050.o(i.w_mpu_write_byte)
    locale$$code                             0x08006100   Section       44  lc_numeric_c.o(locale$$code)
    x$fpl$d2f                                0x0800612c   Section       98  d2f.o(x$fpl$d2f)
    x$fpl$dadd                               0x08006190   Section      336  daddsub_clz.o(x$fpl$dadd)
    _dadd1                                   0x080061a1   Thumb Code     0  daddsub_clz.o(x$fpl$dadd)
    x$fpl$dcheck1                            0x080062e0   Section       16  dcheck1.o(x$fpl$dcheck1)
    x$fpl$ddiv                               0x080062f0   Section      688  ddiv.o(x$fpl$ddiv)
    ddiv_entry                               0x080062f7   Thumb Code     0  ddiv.o(x$fpl$ddiv)
    x$fpl$dmul                               0x080065a0   Section      340  dmul.o(x$fpl$dmul)
    x$fpl$dnaninf                            0x080066f4   Section      156  dnaninf.o(x$fpl$dnaninf)
    x$fpl$dretinf                            0x08006790   Section       12  dretinf.o(x$fpl$dretinf)
    x$fpl$drsb                               0x0800679c   Section       22  daddsub_clz.o(x$fpl$drsb)
    x$fpl$dsqrt                              0x080067b4   Section      460  dsqrt_noumaal.o(x$fpl$dsqrt)
    x$fpl$dsub                               0x08006980   Section      468  daddsub_clz.o(x$fpl$dsub)
    _dsub1                                   0x08006991   Thumb Code     0  daddsub_clz.o(x$fpl$dsub)
    x$fpl$f2d                                0x08006b54   Section       86  f2d.o(x$fpl$f2d)
    x$fpl$fadd                               0x08006bac   Section      196  faddsub_clz.o(x$fpl$fadd)
    _fadd1                                   0x08006bbb   Thumb Code     0  faddsub_clz.o(x$fpl$fadd)
    x$fpl$fcheck1                            0x08006c70   Section       12  fcheck1.o(x$fpl$fcheck1)
    x$fpl$fdiv                               0x08006c7c   Section      388  fdiv.o(x$fpl$fdiv)
    _fdiv1                                   0x08006c7d   Thumb Code     0  fdiv.o(x$fpl$fdiv)
    x$fpl$ffix                               0x08006e00   Section       54  ffix.o(x$fpl$ffix)
    x$fpl$ffixu                              0x08006e38   Section       62  ffixu.o(x$fpl$ffixu)
    x$fpl$fflt                               0x08006e78   Section       48  fflt_clz.o(x$fpl$fflt)
    x$fpl$ffltu                              0x08006ea8   Section       38  fflt_clz.o(x$fpl$ffltu)
    x$fpl$fmul                               0x08006ed0   Section      258  fmul.o(x$fpl$fmul)
    x$fpl$fnaninf                            0x08006fd2   Section      140  fnaninf.o(x$fpl$fnaninf)
    x$fpl$fretinf                            0x0800705e   Section       10  fretinf.o(x$fpl$fretinf)
    x$fpl$fsub                               0x08007068   Section      234  faddsub_clz.o(x$fpl$fsub)
    _fsub1                                   0x08007077   Thumb Code     0  faddsub_clz.o(x$fpl$fsub)
    x$fpl$printf1                            0x08007152   Section        4  printf1.o(x$fpl$printf1)
    x$fpl$retnan                             0x08007156   Section      100  retnan.o(x$fpl$retnan)
    x$fpl$scalbn                             0x080071ba   Section       92  scalbn.o(x$fpl$scalbn)
    x$fpl$scalbnf                            0x08007216   Section       76  scalbnf.o(x$fpl$scalbnf)
    x$fpl$trapveneer                         0x08007262   Section       48  trapv.o(x$fpl$trapveneer)
    .constdata                               0x08007292   Section       16  system_stm32f1xx.o(.constdata)
    x$fpl$usenofp                            0x08007292   Section        0  usenofp.o(x$fpl$usenofp)
    .constdata                               0x080072a2   Section        8  system_stm32f1xx.o(.constdata)
    .constdata                               0x080072aa   Section     2072  oled.o(.constdata)
    .constdata                               0x08007ac2   Section       30  inv_mpu.o(.constdata)
    .constdata                               0x08007ae0   Section       12  inv_mpu.o(.constdata)
    .constdata                               0x08007aec   Section       40  inv_mpu.o(.constdata)
    .constdata                               0x08007b14   Section     3062  inv_mpu_dmp_motion_driver.o(.constdata)
    dmp_memory                               0x08007b14   Data        3062  inv_mpu_dmp_motion_driver.o(.constdata)
    .constdata                               0x08008710   Section       80  asin.o(.constdata)
    pS                                       0x08008710   Data          48  asin.o(.constdata)
    qS                                       0x08008740   Data          32  asin.o(.constdata)
    .constdata                               0x08008760   Section      152  atan.o(.constdata)
    atanhi                                   0x08008760   Data          32  atan.o(.constdata)
    atanlo                                   0x08008780   Data          32  atan.o(.constdata)
    aTodd                                    0x080087a0   Data          40  atan.o(.constdata)
    aTeven                                   0x080087c8   Data          48  atan.o(.constdata)
    .constdata                               0x080087f8   Section        8  qnan.o(.constdata)
    .constdata                               0x08008800   Section      148  bigflt0.o(.constdata)
    tenpwrs_x                                0x08008800   Data          60  bigflt0.o(.constdata)
    tenpwrs_i                                0x0800883c   Data          64  bigflt0.o(.constdata)
    locale$$data                             0x080088b4   Section       28  lc_numeric_c.o(locale$$data)
    __lcnum_c_name                           0x080088b8   Data           2  lc_numeric_c.o(locale$$data)
    __lcnum_c_start                          0x080088c0   Data           0  lc_numeric_c.o(locale$$data)
    __lcnum_c_point                          0x080088cc   Data           0  lc_numeric_c.o(locale$$data)
    __lcnum_c_thousands                      0x080088ce   Data           0  lc_numeric_c.o(locale$$data)
    __lcnum_c_grouping                       0x080088cf   Data           0  lc_numeric_c.o(locale$$data)
    __lcnum_c_end                            0x080088d0   Data           0  lc_numeric_c.o(locale$$data)
    .data                                    0x20000000   Section        8  main.o(.data)
    .data                                    0x20000008   Section       12  stm32f1xx_hal.o(.data)
    .data                                    0x20000014   Section        4  system_stm32f1xx.o(.data)
    .data                                    0x20000018   Section       44  inv_mpu.o(.data)
    st                                       0x20000018   Data          44  inv_mpu.o(.data)
    .data                                    0x20000044   Section       19  mpu6050.o(.data)
    device_id                                0x20000044   Data           1  mpu6050.o(.data)
    id                                       0x20000045   Data           1  mpu6050.o(.data)
    r_data_byte                              0x20000046   Data           1  mpu6050.o(.data)
    msg_temp                                 0x20000047   Data           2  mpu6050.o(.data)
    mpu_temperature_biff                     0x2000004a   Data           2  mpu6050.o(.data)
    mpu_temperature_biff                     0x2000004c   Data           2  mpu6050.o(.data)
    gyro_orientation                         0x2000004e   Data           9  mpu6050.o(.data)
    .bss                                     0x20000058   Section      168  i2c.o(.bss)
    .bss                                     0x20000100   Section      288  tim.o(.bss)
    .bss                                     0x20000220   Section       68  usart.o(.bss)
    .bss                                     0x20000264   Section       16  inv_mpu_dmp_motion_driver.o(.bss)
    dmp                                      0x20000264   Data          16  inv_mpu_dmp_motion_driver.o(.bss)
    .bss                                     0x20000274   Section       40  mpu6050.o(.bss)
    .bss                                     0x2000029c   Section       96  libspace.o(.bss)
    HEAP                                     0x20000300   Section      512  startup_stm32f103xe.o(HEAP)
    Heap_Mem                                 0x20000300   Data         512  startup_stm32f103xe.o(HEAP)
    STACK                                    0x20000500   Section     1024  startup_stm32f103xe.o(STACK)
    Stack_Mem                                0x20000500   Data        1024  startup_stm32f103xe.o(STACK)
    __initial_sp                             0x20000900   Data           0  startup_stm32f103xe.o(STACK)

    Global Symbols

    Symbol Name                              Value     Ov Type        Size  Object(Section)

    BuildAttributes$$THM_ISAv4$P$D$K$B$S$PE$A:L22UL41UL21$X:L11$S22US41US21$IEEE1$IW$USESV6$~STKCKD$USESV7$~SHL$OTIME$ROPI$IEEEX$EBA8$UX$STANDARDLIB$REQ8$PRES8$EABIv2 0x00000000   Number         0  anon$$obj.o ABSOLUTE
    __ARM_use_no_argv                        0x00000000   Number         0  main.o ABSOLUTE
    _printf_flags                            0x00000000   Number         0  printf_stubs.o ABSOLUTE
    _printf_return_value                     0x00000000   Number         0  printf_stubs.o ABSOLUTE
    _printf_sizespec                         0x00000000   Number         0  printf_stubs.o ABSOLUTE
    _printf_widthprec                        0x00000000   Number         0  printf_stubs.o ABSOLUTE
    __ARM_exceptions_init                     - Undefined Weak Reference
    __alloca_initialize                       - Undefined Weak Reference
    __arm_preinit_                            - Undefined Weak Reference
    __cpp_initialize__aeabi_                  - Undefined Weak Reference
    __cxa_finalize                            - Undefined Weak Reference
    __sigvec_lookup                           - Undefined Weak Reference
    _atexit_init                              - Undefined Weak Reference
    _call_atexit_fns                          - Undefined Weak Reference
    _clock_init                               - Undefined Weak Reference
    _fp_trap_init                             - Undefined Weak Reference
    _fp_trap_shutdown                         - Undefined Weak Reference
    _get_lc_collate                           - Undefined Weak Reference
    _get_lc_ctype                             - Undefined Weak Reference
    _get_lc_monetary                          - Undefined Weak Reference
    _get_lc_time                              - Undefined Weak Reference
    _getenv_init                              - Undefined Weak Reference
    _handle_redirection                       - Undefined Weak Reference
    _init_alloc                               - Undefined Weak Reference
    _init_user_alloc                          - Undefined Weak Reference
    _initio                                   - Undefined Weak Reference
    _printf_post_padding                      - Undefined Weak Reference
    _printf_pre_padding                       - Undefined Weak Reference
    _rand_init                                - Undefined Weak Reference
    _signal_finish                            - Undefined Weak Reference
    _signal_init                              - Undefined Weak Reference
    _terminate_alloc                          - Undefined Weak Reference
    _terminate_user_alloc                     - Undefined Weak Reference
    _terminateio                              - Undefined Weak Reference
    __Vectors_Size                           0x00000130   Number         0  startup_stm32f103xe.o ABSOLUTE
    __Vectors                                0x08000000   Data           4  startup_stm32f103xe.o(RESET)
    __Vectors_End                            0x08000130   Data           0  startup_stm32f103xe.o(RESET)
    __main                                   0x08000131   Thumb Code     8  __main.o(!!!main)
    __scatterload                            0x08000139   Thumb Code     0  __scatter.o(!!!scatter)
    __scatterload_rt2                        0x08000139   Thumb Code    44  __scatter.o(!!!scatter)
    __scatterload_rt2_thumb_only             0x08000139   Thumb Code     0  __scatter.o(!!!scatter)
    __scatterload_null                       0x08000147   Thumb Code     0  __scatter.o(!!!scatter)
    __scatterload_copy                       0x0800016d   Thumb Code    26  __scatter_copy.o(!!handler_copy)
    __scatterload_zeroinit                   0x08000189   Thumb Code    28  __scatter_zi.o(!!handler_zi)
    _printf_f                                0x080001a5   Thumb Code     0  _printf_f.o(.ARM.Collect$$_printf_percent$$00000003)
    _printf_percent                          0x080001a5   Thumb Code     0  _printf_percent.o(.ARM.Collect$$_printf_percent$$00000000)
    _printf_percent_end                      0x080001ab   Thumb Code     0  _printf_percent_end.o(.ARM.Collect$$_printf_percent$$00000017)
    __rt_lib_init                            0x080001af   Thumb Code     0  libinit.o(.ARM.Collect$$libinit$$00000000)
    __rt_lib_init_fp_1                       0x080001b1   Thumb Code     0  libinit2.o(.ARM.Collect$$libinit$$00000002)
    __rt_lib_init_heap_1                     0x080001b1   Thumb Code     0  libinit2.o(.ARM.Collect$$libinit$$0000000A)
    __rt_lib_init_lc_common                  0x080001b1   Thumb Code     0  libinit2.o(.ARM.Collect$$libinit$$0000000F)
    __rt_lib_init_preinit_1                  0x080001b1   Thumb Code     0  libinit2.o(.ARM.Collect$$libinit$$00000004)
    __rt_lib_init_rand_1                     0x080001b1   Thumb Code     0  libinit2.o(.ARM.Collect$$libinit$$0000000E)
    __rt_lib_init_user_alloc_1               0x080001b1   Thumb Code     0  libinit2.o(.ARM.Collect$$libinit$$0000000C)
    __rt_lib_init_lc_collate_1               0x080001b7   Thumb Code     0  libinit2.o(.ARM.Collect$$libinit$$00000011)
    __rt_lib_init_lc_ctype_1                 0x080001b7   Thumb Code     0  libinit2.o(.ARM.Collect$$libinit$$00000013)
    __rt_lib_init_lc_monetary_1              0x080001b7   Thumb Code     0  libinit2.o(.ARM.Collect$$libinit$$00000015)
    __rt_lib_init_lc_numeric_2               0x080001b7   Thumb Code     0  libinit2.o(.ARM.Collect$$libinit$$00000016)
    __rt_lib_init_alloca_1                   0x080001c1   Thumb Code     0  libinit2.o(.ARM.Collect$$libinit$$0000002E)
    __rt_lib_init_argv_1                     0x080001c1   Thumb Code     0  libinit2.o(.ARM.Collect$$libinit$$0000002C)
    __rt_lib_init_atexit_1                   0x080001c1   Thumb Code     0  libinit2.o(.ARM.Collect$$libinit$$0000001B)
    __rt_lib_init_clock_1                    0x080001c1   Thumb Code     0  libinit2.o(.ARM.Collect$$libinit$$00000021)
    __rt_lib_init_cpp_1                      0x080001c1   Thumb Code     0  libinit2.o(.ARM.Collect$$libinit$$00000032)
    __rt_lib_init_exceptions_1               0x080001c1   Thumb Code     0  libinit2.o(.ARM.Collect$$libinit$$00000030)
    __rt_lib_init_fp_trap_1                  0x080001c1   Thumb Code     0  libinit2.o(.ARM.Collect$$libinit$$0000001F)
    __rt_lib_init_getenv_1                   0x080001c1   Thumb Code     0  libinit2.o(.ARM.Collect$$libinit$$00000023)
    __rt_lib_init_lc_numeric_1               0x080001c1   Thumb Code     0  libinit2.o(.ARM.Collect$$libinit$$00000017)
    __rt_lib_init_lc_time_1                  0x080001c1   Thumb Code     0  libinit2.o(.ARM.Collect$$libinit$$00000019)
    __rt_lib_init_return                     0x080001c1   Thumb Code     0  libinit2.o(.ARM.Collect$$libinit$$00000033)
    __rt_lib_init_signal_1                   0x080001c1   Thumb Code     0  libinit2.o(.ARM.Collect$$libinit$$0000001D)
    __rt_lib_init_stdio_1                    0x080001c1   Thumb Code     0  libinit2.o(.ARM.Collect$$libinit$$00000025)
    __rt_lib_shutdown                        0x080001c3   Thumb Code     0  libshutdown.o(.ARM.Collect$$libshutdown$$00000000)
    __rt_lib_shutdown_cpp_1                  0x080001c5   Thumb Code     0  libshutdown2.o(.ARM.Collect$$libshutdown$$00000002)
    __rt_lib_shutdown_fp_trap_1              0x080001c5   Thumb Code     0  libshutdown2.o(.ARM.Collect$$libshutdown$$00000007)
    __rt_lib_shutdown_heap_1                 0x080001c5   Thumb Code     0  libshutdown2.o(.ARM.Collect$$libshutdown$$0000000F)
    __rt_lib_shutdown_return                 0x080001c5   Thumb Code     0  libshutdown2.o(.ARM.Collect$$libshutdown$$00000010)
    __rt_lib_shutdown_signal_1               0x080001c5   Thumb Code     0  libshutdown2.o(.ARM.Collect$$libshutdown$$0000000A)
    __rt_lib_shutdown_stdio_1                0x080001c5   Thumb Code     0  libshutdown2.o(.ARM.Collect$$libshutdown$$00000004)
    __rt_lib_shutdown_user_alloc_1           0x080001c5   Thumb Code     0  libshutdown2.o(.ARM.Collect$$libshutdown$$0000000C)
    __rt_entry                               0x080001c7   Thumb Code     0  __rtentry.o(.ARM.Collect$$rtentry$$00000000)
    __rt_entry_presh_1                       0x080001c7   Thumb Code     0  __rtentry2.o(.ARM.Collect$$rtentry$$00000002)
    __rt_entry_sh                            0x080001c7   Thumb Code     0  __rtentry4.o(.ARM.Collect$$rtentry$$00000004)
    __rt_entry_li                            0x080001cd   Thumb Code     0  __rtentry2.o(.ARM.Collect$$rtentry$$0000000A)
    __rt_entry_postsh_1                      0x080001cd   Thumb Code     0  __rtentry2.o(.ARM.Collect$$rtentry$$00000009)
    __rt_entry_main                          0x080001d1   Thumb Code     0  __rtentry2.o(.ARM.Collect$$rtentry$$0000000D)
    __rt_entry_postli_1                      0x080001d1   Thumb Code     0  __rtentry2.o(.ARM.Collect$$rtentry$$0000000C)
    __rt_exit                                0x080001d9   Thumb Code     0  rtexit.o(.ARM.Collect$$rtexit$$00000000)
    __rt_exit_ls                             0x080001db   Thumb Code     0  rtexit2.o(.ARM.Collect$$rtexit$$00000003)
    __rt_exit_prels_1                        0x080001db   Thumb Code     0  rtexit2.o(.ARM.Collect$$rtexit$$00000002)
    __rt_exit_exit                           0x080001df   Thumb Code     0  rtexit2.o(.ARM.Collect$$rtexit$$00000004)
    Reset_Handler                            0x080001e5   Thumb Code     8  startup_stm32f103xe.o(.text)
    ADC1_2_IRQHandler                        0x080001ff   Thumb Code     0  startup_stm32f103xe.o(.text)
    ADC3_IRQHandler                          0x080001ff   Thumb Code     0  startup_stm32f103xe.o(.text)
    CAN1_RX1_IRQHandler                      0x080001ff   Thumb Code     0  startup_stm32f103xe.o(.text)
    CAN1_SCE_IRQHandler                      0x080001ff   Thumb Code     0  startup_stm32f103xe.o(.text)
    DMA1_Channel1_IRQHandler                 0x080001ff   Thumb Code     0  startup_stm32f103xe.o(.text)
    DMA1_Channel2_IRQHandler                 0x080001ff   Thumb Code     0  startup_stm32f103xe.o(.text)
    DMA1_Channel3_IRQHandler                 0x080001ff   Thumb Code     0  startup_stm32f103xe.o(.text)
    DMA1_Channel4_IRQHandler                 0x080001ff   Thumb Code     0  startup_stm32f103xe.o(.text)
    DMA1_Channel5_IRQHandler                 0x080001ff   Thumb Code     0  startup_stm32f103xe.o(.text)
    DMA1_Channel6_IRQHandler                 0x080001ff   Thumb Code     0  startup_stm32f103xe.o(.text)
    DMA1_Channel7_IRQHandler                 0x080001ff   Thumb Code     0  startup_stm32f103xe.o(.text)
    DMA2_Channel1_IRQHandler                 0x080001ff   Thumb Code     0  startup_stm32f103xe.o(.text)
    DMA2_Channel2_IRQHandler                 0x080001ff   Thumb Code     0  startup_stm32f103xe.o(.text)
    DMA2_Channel3_IRQHandler                 0x080001ff   Thumb Code     0  startup_stm32f103xe.o(.text)
    DMA2_Channel4_5_IRQHandler               0x080001ff   Thumb Code     0  startup_stm32f103xe.o(.text)
    EXTI0_IRQHandler                         0x080001ff   Thumb Code     0  startup_stm32f103xe.o(.text)
    EXTI15_10_IRQHandler                     0x080001ff   Thumb Code     0  startup_stm32f103xe.o(.text)
    EXTI1_IRQHandler                         0x080001ff   Thumb Code     0  startup_stm32f103xe.o(.text)
    EXTI2_IRQHandler                         0x080001ff   Thumb Code     0  startup_stm32f103xe.o(.text)
    EXTI3_IRQHandler                         0x080001ff   Thumb Code     0  startup_stm32f103xe.o(.text)
    EXTI4_IRQHandler                         0x080001ff   Thumb Code     0  startup_stm32f103xe.o(.text)
    EXTI9_5_IRQHandler                       0x080001ff   Thumb Code     0  startup_stm32f103xe.o(.text)
    FLASH_IRQHandler                         0x080001ff   Thumb Code     0  startup_stm32f103xe.o(.text)
    FSMC_IRQHandler                          0x080001ff   Thumb Code     0  startup_stm32f103xe.o(.text)
    I2C1_ER_IRQHandler                       0x080001ff   Thumb Code     0  startup_stm32f103xe.o(.text)
    I2C1_EV_IRQHandler                       0x080001ff   Thumb Code     0  startup_stm32f103xe.o(.text)
    I2C2_ER_IRQHandler                       0x080001ff   Thumb Code     0  startup_stm32f103xe.o(.text)
    I2C2_EV_IRQHandler                       0x080001ff   Thumb Code     0  startup_stm32f103xe.o(.text)
    PVD_IRQHandler                           0x080001ff   Thumb Code     0  startup_stm32f103xe.o(.text)
    RCC_IRQHandler                           0x080001ff   Thumb Code     0  startup_stm32f103xe.o(.text)
    RTC_Alarm_IRQHandler                     0x080001ff   Thumb Code     0  startup_stm32f103xe.o(.text)
    RTC_IRQHandler                           0x080001ff   Thumb Code     0  startup_stm32f103xe.o(.text)
    SDIO_IRQHandler                          0x080001ff   Thumb Code     0  startup_stm32f103xe.o(.text)
    SPI1_IRQHandler                          0x080001ff   Thumb Code     0  startup_stm32f103xe.o(.text)
    SPI2_IRQHandler                          0x080001ff   Thumb Code     0  startup_stm32f103xe.o(.text)
    SPI3_IRQHandler                          0x080001ff   Thumb Code     0  startup_stm32f103xe.o(.text)
    TAMPER_IRQHandler                        0x080001ff   Thumb Code     0  startup_stm32f103xe.o(.text)
    TIM1_BRK_IRQHandler                      0x080001ff   Thumb Code     0  startup_stm32f103xe.o(.text)
    TIM1_CC_IRQHandler                       0x080001ff   Thumb Code     0  startup_stm32f103xe.o(.text)
    TIM1_TRG_COM_IRQHandler                  0x080001ff   Thumb Code     0  startup_stm32f103xe.o(.text)
    TIM1_UP_IRQHandler                       0x080001ff   Thumb Code     0  startup_stm32f103xe.o(.text)
    TIM2_IRQHandler                          0x080001ff   Thumb Code     0  startup_stm32f103xe.o(.text)
    TIM3_IRQHandler                          0x080001ff   Thumb Code     0  startup_stm32f103xe.o(.text)
    TIM4_IRQHandler                          0x080001ff   Thumb Code     0  startup_stm32f103xe.o(.text)
    TIM6_IRQHandler                          0x080001ff   Thumb Code     0  startup_stm32f103xe.o(.text)
    TIM7_IRQHandler                          0x080001ff   Thumb Code     0  startup_stm32f103xe.o(.text)
    TIM8_BRK_IRQHandler                      0x080001ff   Thumb Code     0  startup_stm32f103xe.o(.text)
    TIM8_CC_IRQHandler                       0x080001ff   Thumb Code     0  startup_stm32f103xe.o(.text)
    TIM8_TRG_COM_IRQHandler                  0x080001ff   Thumb Code     0  startup_stm32f103xe.o(.text)
    TIM8_UP_IRQHandler                       0x080001ff   Thumb Code     0  startup_stm32f103xe.o(.text)
    UART4_IRQHandler                         0x080001ff   Thumb Code     0  startup_stm32f103xe.o(.text)
    UART5_IRQHandler                         0x080001ff   Thumb Code     0  startup_stm32f103xe.o(.text)
    USART1_IRQHandler                        0x080001ff   Thumb Code     0  startup_stm32f103xe.o(.text)
    USART2_IRQHandler                        0x080001ff   Thumb Code     0  startup_stm32f103xe.o(.text)
    USART3_IRQHandler                        0x080001ff   Thumb Code     0  startup_stm32f103xe.o(.text)
    USBWakeUp_IRQHandler                     0x080001ff   Thumb Code     0  startup_stm32f103xe.o(.text)
    USB_HP_CAN1_TX_IRQHandler                0x080001ff   Thumb Code     0  startup_stm32f103xe.o(.text)
    USB_LP_CAN1_RX0_IRQHandler               0x080001ff   Thumb Code     0  startup_stm32f103xe.o(.text)
    WWDG_IRQHandler                          0x080001ff   Thumb Code     0  startup_stm32f103xe.o(.text)
    __user_initial_stackheap                 0x08000201   Thumb Code     0  startup_stm32f103xe.o(.text)
    __aeabi_ldivmod                          0x08000225   Thumb Code     0  llsdiv.o(.text)
    _ll_sdiv                                 0x08000225   Thumb Code    72  llsdiv.o(.text)
    __2sprintf                               0x0800026d   Thumb Code    34  noretval__2sprintf.o(.text)
    __printf                                 0x08000295   Thumb Code   270  __printf_wp.o(.text)
    memcmp                                   0x080003a3   Thumb Code    88  memcmp.o(.text)
    __aeabi_memset                           0x080003fb   Thumb Code    16  aeabi_memset.o(.text)
    __aeabi_memclr4                          0x0800040b   Thumb Code     0  rt_memclr_w.o(.text)
    __aeabi_memclr8                          0x0800040b   Thumb Code     0  rt_memclr_w.o(.text)
    __rt_memclr_w                            0x0800040b   Thumb Code    78  rt_memclr_w.o(.text)
    _memset_w                                0x0800040f   Thumb Code     0  rt_memclr_w.o(.text)
    __use_two_region_memory                  0x08000459   Thumb Code     2  heapauxi.o(.text)
    __rt_heap_escrow$2region                 0x0800045b   Thumb Code     2  heapauxi.o(.text)
    __rt_heap_expand$2region                 0x0800045d   Thumb Code     2  heapauxi.o(.text)
    __aeabi_uldivmod                         0x0800045f   Thumb Code     0  lludivv7m.o(.text)
    _ll_udiv                                 0x0800045f   Thumb Code   238  lludivv7m.o(.text)
    __read_errno                             0x0800054d   Thumb Code    10  _rserrno.o(.text)
    __set_errno                              0x08000557   Thumb Code    12  _rserrno.o(.text)
    __lib_sel_fp_printf                      0x08000563   Thumb Code     2  _printf_fp_dec.o(.text)
    _printf_fp_dec_real                      0x08000711   Thumb Code   620  _printf_fp_dec.o(.text)
    _printf_char_common                      0x08000987   Thumb Code    32  _printf_char_common.o(.text)
    _sputc                                   0x080009ad   Thumb Code    10  _sputc.o(.text)
    __aeabi_memclr                           0x080009b7   Thumb Code     0  rt_memclr.o(.text)
    __rt_memclr                              0x080009b7   Thumb Code    68  rt_memclr.o(.text)
    _memset                                  0x080009bb   Thumb Code     0  rt_memclr.o(.text)
    __rt_locale                              0x080009fd   Thumb Code     8  rt_locale_intlibspace.o(.text)
    __aeabi_errno_addr                       0x08000a05   Thumb Code     8  rt_errno_addr_intlibspace.o(.text)
    __errno$intlibspace                      0x08000a05   Thumb Code     0  rt_errno_addr_intlibspace.o(.text)
    __rt_errno_addr$intlibspace              0x08000a05   Thumb Code     0  rt_errno_addr_intlibspace.o(.text)
    _ll_udiv10                               0x08000a0d   Thumb Code   138  lludiv10.o(.text)
    _printf_fp_infnan                        0x08000a99   Thumb Code   112  _printf_fp_infnan.o(.text)
    _btod_etento                             0x08000b19   Thumb Code   216  bigflt0.o(.text)
    __user_libspace                          0x08000bf5   Thumb Code     8  libspace.o(.text)
    __user_perproc_libspace                  0x08000bf5   Thumb Code     0  libspace.o(.text)
    __user_perthread_libspace                0x08000bf5   Thumb Code     0  libspace.o(.text)
    __user_setup_stackheap                   0x08000bfd   Thumb Code    74  sys_stackheap_outer.o(.text)
    exit                                     0x08000c47   Thumb Code    18  exit.o(.text)
    strcmp                                   0x08000c59   Thumb Code   128  strcmpv7m.o(.text)
    _sys_exit                                0x08000cd9   Thumb Code     8  sys_exit.o(.text)
    __I$use$semihosting                      0x08000ce5   Thumb Code     0  use_no_semi.o(.text)
    __use_no_semihosting_swi                 0x08000ce5   Thumb Code     2  use_no_semi.o(.text)
    __semihosting_library_function           0x08000ce7   Thumb Code     0  indicate_semi.o(.text)
    _btod_d2e                                0x08000ce7   Thumb Code    62  btod.o(CL$$btod_d2e)
    _d2e_denorm_low                          0x08000d25   Thumb Code    70  btod.o(CL$$btod_d2e_denorm_low)
    _d2e_norm_op1                            0x08000d6b   Thumb Code    96  btod.o(CL$$btod_d2e_norm_op1)
    __btod_div_common                        0x08000dcb   Thumb Code   696  btod.o(CL$$btod_div_common)
    _e2e                                     0x08001103   Thumb Code   198  btod.o(CL$$btod_e2e)
    _btod_ediv                               0x080011c9   Thumb Code    40  btod.o(CL$$btod_ediv)
    _btod_emul                               0x080011f1   Thumb Code    40  btod.o(CL$$btod_emul)
    __btod_mult_common                       0x08001219   Thumb Code   580  btod.o(CL$$btod_mult_common)
    BusFault_Handler                         0x0800145d   Thumb Code     2  stm32f1xx_it.o(i.BusFault_Handler)
    DebugMon_Handler                         0x0800145f   Thumb Code     2  stm32f1xx_it.o(i.DebugMon_Handler)
    Error_Handler                            0x08001461   Thumb Code     4  main.o(i.Error_Handler)
    HAL_Delay                                0x08001465   Thumb Code    32  stm32f1xx_hal.o(i.HAL_Delay)
    HAL_GPIO_Init                            0x08001489   Thumb Code   462  stm32f1xx_hal_gpio.o(i.HAL_GPIO_Init)
    HAL_GPIO_TogglePin                       0x08001681   Thumb Code    16  stm32f1xx_hal_gpio.o(i.HAL_GPIO_TogglePin)
    HAL_GPIO_WritePin                        0x08001691   Thumb Code    10  stm32f1xx_hal_gpio.o(i.HAL_GPIO_WritePin)
    HAL_GetTick                              0x0800169d   Thumb Code     6  stm32f1xx_hal.o(i.HAL_GetTick)
    HAL_I2C_Init                             0x080016a9   Thumb Code   376  stm32f1xx_hal_i2c.o(i.HAL_I2C_Init)
    HAL_I2C_Mem_Read                         0x08001831   Thumb Code   574  stm32f1xx_hal_i2c.o(i.HAL_I2C_Mem_Read)
    HAL_I2C_Mem_Write                        0x08001a81   Thumb Code   294  stm32f1xx_hal_i2c.o(i.HAL_I2C_Mem_Write)
    HAL_I2C_MspInit                          0x08001bb1   Thumb Code   134  i2c.o(i.HAL_I2C_MspInit)
    HAL_IncTick                              0x08001c49   Thumb Code    12  stm32f1xx_hal.o(i.HAL_IncTick)
    HAL_Init                                 0x08001c59   Thumb Code    32  stm32f1xx_hal.o(i.HAL_Init)
    HAL_InitTick                             0x08001c7d   Thumb Code    54  stm32f1xx_hal.o(i.HAL_InitTick)
    HAL_MspInit                              0x08001cbd   Thumb Code    52  stm32f1xx_hal_msp.o(i.HAL_MspInit)
    HAL_NVIC_EnableIRQ                       0x08001cf9   Thumb Code    26  stm32f1xx_hal_cortex.o(i.HAL_NVIC_EnableIRQ)
    HAL_NVIC_SetPriority                     0x08001d15   Thumb Code    60  stm32f1xx_hal_cortex.o(i.HAL_NVIC_SetPriority)
    HAL_NVIC_SetPriorityGrouping             0x08001d55   Thumb Code    26  stm32f1xx_hal_cortex.o(i.HAL_NVIC_SetPriorityGrouping)
    HAL_RCC_ClockConfig                      0x08001d79   Thumb Code   280  stm32f1xx_hal_rcc.o(i.HAL_RCC_ClockConfig)
    HAL_RCC_GetPCLK1Freq                     0x08001ea5   Thumb Code    20  stm32f1xx_hal_rcc.o(i.HAL_RCC_GetPCLK1Freq)
    HAL_RCC_GetPCLK2Freq                     0x08001ec5   Thumb Code    20  stm32f1xx_hal_rcc.o(i.HAL_RCC_GetPCLK2Freq)
    HAL_RCC_GetSysClockFreq                  0x08001ee5   Thumb Code    74  stm32f1xx_hal_rcc.o(i.HAL_RCC_GetSysClockFreq)
    HAL_RCC_OscConfig                        0x08001f51   Thumb Code   778  stm32f1xx_hal_rcc.o(i.HAL_RCC_OscConfig)
    HAL_SYSTICK_Config                       0x08002271   Thumb Code    40  stm32f1xx_hal_cortex.o(i.HAL_SYSTICK_Config)
    HAL_TIMEx_BreakCallback                  0x08002299   Thumb Code     2  stm32f1xx_hal_tim_ex.o(i.HAL_TIMEx_BreakCallback)
    HAL_TIMEx_CommutCallback                 0x0800229b   Thumb Code     2  stm32f1xx_hal_tim_ex.o(i.HAL_TIMEx_CommutCallback)
    HAL_TIMEx_MasterConfigSynchronization    0x0800229d   Thumb Code   104  stm32f1xx_hal_tim_ex.o(i.HAL_TIMEx_MasterConfigSynchronization)
    HAL_TIM_Base_Init                        0x08002319   Thumb Code    90  stm32f1xx_hal_tim.o(i.HAL_TIM_Base_Init)
    HAL_TIM_Base_MspInit                     0x08002375   Thumb Code    50  tim.o(i.HAL_TIM_Base_MspInit)
    HAL_TIM_Base_Start_IT                    0x080023b1   Thumb Code    88  stm32f1xx_hal_tim.o(i.HAL_TIM_Base_Start_IT)
    HAL_TIM_ConfigClockSource                0x0800241d   Thumb Code   214  stm32f1xx_hal_tim.o(i.HAL_TIM_ConfigClockSource)
    HAL_TIM_Encoder_Init                     0x080024f3   Thumb Code   164  stm32f1xx_hal_tim.o(i.HAL_TIM_Encoder_Init)
    HAL_TIM_Encoder_MspInit                  0x08002599   Thumb Code   114  tim.o(i.HAL_TIM_Encoder_MspInit)
    HAL_TIM_Encoder_Start                    0x08002619   Thumb Code   142  stm32f1xx_hal_tim.o(i.HAL_TIM_Encoder_Start)
    HAL_TIM_IC_CaptureCallback               0x080026a7   Thumb Code     2  stm32f1xx_hal_tim.o(i.HAL_TIM_IC_CaptureCallback)
    HAL_TIM_IRQHandler                       0x080026a9   Thumb Code   358  stm32f1xx_hal_tim.o(i.HAL_TIM_IRQHandler)
    HAL_TIM_MspPostInit                      0x08002811   Thumb Code    64  tim.o(i.HAL_TIM_MspPostInit)
    HAL_TIM_OC_DelayElapsedCallback          0x0800285d   Thumb Code     2  stm32f1xx_hal_tim.o(i.HAL_TIM_OC_DelayElapsedCallback)
    HAL_TIM_PWM_ConfigChannel                0x0800285f   Thumb Code   198  stm32f1xx_hal_tim.o(i.HAL_TIM_PWM_ConfigChannel)
    HAL_TIM_PWM_Init                         0x08002925   Thumb Code    90  stm32f1xx_hal_tim.o(i.HAL_TIM_PWM_Init)
    HAL_TIM_PWM_MspInit                      0x08002981   Thumb Code    30  tim.o(i.HAL_TIM_PWM_MspInit)
    HAL_TIM_PWM_PulseFinishedCallback        0x080029a9   Thumb Code     2  stm32f1xx_hal_tim.o(i.HAL_TIM_PWM_PulseFinishedCallback)
    HAL_TIM_PWM_Start                        0x080029ad   Thumb Code   160  stm32f1xx_hal_tim.o(i.HAL_TIM_PWM_Start)
    HAL_TIM_PeriodElapsedCallback            0x08002a61   Thumb Code   110  main.o(i.HAL_TIM_PeriodElapsedCallback)
    HAL_TIM_TriggerCallback                  0x08002aed   Thumb Code     2  stm32f1xx_hal_tim.o(i.HAL_TIM_TriggerCallback)
    HAL_UART_Init                            0x08002aef   Thumb Code    98  stm32f1xx_hal_uart.o(i.HAL_UART_Init)
    HAL_UART_MspInit                         0x08002b51   Thumb Code   100  usart.o(i.HAL_UART_MspInit)
    HardFault_Handler                        0x08002bc1   Thumb Code     2  stm32f1xx_it.o(i.HardFault_Handler)
    MPU6050_dmpRead                          0x08002f91   Thumb Code    28  mpu6050.o(i.MPU6050_dmpRead)
    MPU6050_dmpWrite                         0x08002fb1   Thumb Code    28  mpu6050.o(i.MPU6050_dmpWrite)
    MX_GPIO_Init                             0x08002fd1   Thumb Code   168  gpio.o(i.MX_GPIO_Init)
    MX_I2C1_Init                             0x0800308d   Thumb Code    50  i2c.o(i.MX_I2C1_Init)
    MX_I2C2_Init                             0x080030cd   Thumb Code    50  i2c.o(i.MX_I2C2_Init)
    MX_TIM2_Init                             0x0800310d   Thumb Code   100  tim.o(i.MX_TIM2_Init)
    MX_TIM3_Init                             0x08003175   Thumb Code    98  tim.o(i.MX_TIM3_Init)
    MX_TIM4_Init                             0x080031e1   Thumb Code   118  tim.o(i.MX_TIM4_Init)
    MX_TIM5_Init                             0x08003261   Thumb Code    96  tim.o(i.MX_TIM5_Init)
    MX_USART1_UART_Init                      0x080032c9   Thumb Code    48  usart.o(i.MX_USART1_UART_Init)
    MemManage_Handler                        0x08003301   Thumb Code     2  stm32f1xx_it.o(i.MemManage_Handler)
    MotorDriver_SetPWMDuty                   0x08003305   Thumb Code    36  motor.o(i.MotorDriver_SetPWMDuty)
    Motor_forward                            0x0800332d   Thumb Code    50  motor.o(i.Motor_forward)
    NMI_Handler                              0x08003365   Thumb Code     2  stm32f1xx_it.o(i.NMI_Handler)
    OLED_CLS                                 0x08003367   Thumb Code     6  oled.o(i.OLED_CLS)
    OLED_Fill                                0x0800336d   Thumb Code    56  oled.o(i.OLED_Fill)
    OLED_Init                                0x080033a5   Thumb Code   180  oled.o(i.OLED_Init)
    OLED_SetPos                              0x08003459   Thumb Code    38  oled.o(i.OLED_SetPos)
    OLED_ShowStr                             0x08003481   Thumb Code   208  oled.o(i.OLED_ShowStr)
    PendSV_Handler                           0x08003559   Thumb Code     2  stm32f1xx_it.o(i.PendSV_Handler)
    SVC_Handler                              0x0800355b   Thumb Code     2  stm32f1xx_it.o(i.SVC_Handler)
    SysTick_Handler                          0x0800355d   Thumb Code     4  stm32f1xx_it.o(i.SysTick_Handler)
    SystemClock_Config                       0x08003561   Thumb Code    94  main.o(i.SystemClock_Config)
    SystemInit                               0x080035bf   Thumb Code     2  system_stm32f1xx.o(i.SystemInit)
    TIM5_IRQHandler                          0x080035c1   Thumb Code     6  stm32f1xx_it.o(i.TIM5_IRQHandler)
    TIM_Base_SetConfig                       0x080035cd   Thumb Code   120  stm32f1xx_hal_tim.o(i.TIM_Base_SetConfig)
    TIM_CCxChannelCmd                        0x08003659   Thumb Code    26  stm32f1xx_hal_tim.o(i.TIM_CCxChannelCmd)
    TIM_ETR_SetConfig                        0x08003673   Thumb Code    20  stm32f1xx_hal_tim.o(i.TIM_ETR_SetConfig)
    TIM_OC2_SetConfig                        0x080036f9   Thumb Code    98  stm32f1xx_hal_tim.o(i.TIM_OC2_SetConfig)
    UsageFault_Handler                       0x0800391d   Thumb Code     2  stm32f1xx_it.o(i.UsageFault_Handler)
    WriteCmd                                 0x08003921   Thumb Code    30  oled.o(i.WriteCmd)
    WriteDat                                 0x08003945   Thumb Code    30  oled.o(i.WriteDat)
    __ARM_fpclassify                         0x08003969   Thumb Code    40  fpclassify.o(i.__ARM_fpclassify)
    __kernel_poly                            0x080039b1   Thumb Code   170  poly.o(i.__kernel_poly)
    __mathlib_dbl_infnan                     0x08003a5b   Thumb Code     6  dunder.o(i.__mathlib_dbl_infnan)
    __mathlib_dbl_infnan2                    0x08003a61   Thumb Code     4  dunder.o(i.__mathlib_dbl_infnan2)
    __mathlib_dbl_invalid                    0x08003a65   Thumb Code    12  dunder.o(i.__mathlib_dbl_invalid)
    __mathlib_dbl_underflow                  0x08003a71   Thumb Code    10  dunder.o(i.__mathlib_dbl_underflow)
    _is_digit                                0x08003a81   Thumb Code    14  __printf_wp.o(i._is_digit)
    asin                                     0x08003b11   Thumb Code   572  asin.o(i.asin)
    atan                                     0x08003d81   Thumb Code   474  atan.o(i.atan)
    atan2                                    0x08003fa1   Thumb Code   346  atan2.o(i.atan2)
    dmp_enable_6x_lp_quat                    0x08004121   Thumb Code    58  inv_mpu_dmp_motion_driver.o(i.dmp_enable_6x_lp_quat)
    dmp_enable_feature                       0x0800415d   Thumb Code   464  inv_mpu_dmp_motion_driver.o(i.dmp_enable_feature)
    dmp_enable_gyro_cal                      0x08004335   Thumb Code    34  inv_mpu_dmp_motion_driver.o(i.dmp_enable_gyro_cal)
    dmp_enable_lp_quat                       0x08004371   Thumb Code    58  inv_mpu_dmp_motion_driver.o(i.dmp_enable_lp_quat)
    dmp_i2c_read                             0x080043ad   Thumb Code    26  mpu6050.o(i.dmp_i2c_read)
    dmp_init                                 0x080043cd   Thumb Code   184  mpu6050.o(i.dmp_init)
    dmp_load_motion_driver_firmware          0x08004495   Thumb Code    16  inv_mpu_dmp_motion_driver.o(i.dmp_load_motion_driver_firmware)
    dmp_read_fifo                            0x080044a9   Thumb Code   320  inv_mpu_dmp_motion_driver.o(i.dmp_read_fifo)
    dmp_set_accel_bias                       0x080045ed   Thumb Code   210  inv_mpu_dmp_motion_driver.o(i.dmp_set_accel_bias)
    dmp_set_fifo_rate                        0x080046c5   Thumb Code    82  inv_mpu_dmp_motion_driver.o(i.dmp_set_fifo_rate)
    dmp_set_gyro_bias                        0x08004729   Thumb Code   196  inv_mpu_dmp_motion_driver.o(i.dmp_set_gyro_bias)
    dmp_set_orientation                      0x080047f5   Thumb Code   246  inv_mpu_dmp_motion_driver.o(i.dmp_set_orientation)
    dmp_set_shake_reject_thresh              0x08004901   Thumb Code    48  inv_mpu_dmp_motion_driver.o(i.dmp_set_shake_reject_thresh)
    dmp_set_shake_reject_time                0x08004931   Thumb Code    32  inv_mpu_dmp_motion_driver.o(i.dmp_set_shake_reject_time)
    dmp_set_shake_reject_timeout             0x08004951   Thumb Code    32  inv_mpu_dmp_motion_driver.o(i.dmp_set_shake_reject_timeout)
    dmp_set_tap_axes                         0x08004971   Thumb Code    64  inv_mpu_dmp_motion_driver.o(i.dmp_set_tap_axes)
    dmp_set_tap_count                        0x080049b1   Thumb Code    34  inv_mpu_dmp_motion_driver.o(i.dmp_set_tap_count)
    dmp_set_tap_thresh                       0x080049d5   Thumb Code   274  inv_mpu_dmp_motion_driver.o(i.dmp_set_tap_thresh)
    dmp_set_tap_time                         0x08004afd   Thumb Code    32  inv_mpu_dmp_motion_driver.o(i.dmp_set_tap_time)
    dmp_set_tap_time_multi                   0x08004b1d   Thumb Code    32  inv_mpu_dmp_motion_driver.o(i.dmp_set_tap_time_multi)
    main                                     0x08005019   Thumb Code   234  main.o(i.main)
    mpu_configure_fifo                       0x08005141   Thumb Code    78  inv_mpu.o(i.mpu_configure_fifo)
    mpu_get_accel_fsr                        0x08005195   Thumb Code    54  inv_mpu.o(i.mpu_get_accel_fsr)
    mpu_get_accel_sens                       0x080051d1   Thumb Code    62  inv_mpu.o(i.mpu_get_accel_sens)
    mpu_get_gyro_fsr                         0x08005215   Thumb Code    48  inv_mpu.o(i.mpu_get_gyro_fsr)
    mpu_get_gyro_sens                        0x08005249   Thumb Code    44  inv_mpu.o(i.mpu_get_gyro_sens)
    mpu_get_lpf                              0x08005289   Thumb Code    52  inv_mpu.o(i.mpu_get_lpf)
    mpu_get_sample_rate                      0x080052c1   Thumb Code    22  inv_mpu.o(i.mpu_get_sample_rate)
    mpu_init                                 0x080052dd   Thumb Code   288  inv_mpu.o(i.mpu_init)
    mpu_load_firmware                        0x08005401   Thumb Code   154  inv_mpu.o(i.mpu_load_firmware)
    mpu_lp_accel_mode                        0x080054a1   Thumb Code   178  inv_mpu.o(i.mpu_lp_accel_mode)
    mpu_read_fifo_stream                     0x08005559   Thumb Code   140  inv_mpu.o(i.mpu_read_fifo_stream)
    mpu_read_mem                             0x080055e9   Thumb Code    80  inv_mpu.o(i.mpu_read_mem)
    mpu_reset_fifo                           0x0800563d   Thumb Code   346  inv_mpu.o(i.mpu_reset_fifo)
    mpu_run_self_test                        0x0800579d   Thumb Code   234  inv_mpu.o(i.mpu_run_self_test)
    mpu_set_accel_fsr                        0x0800588d   Thumb Code    98  inv_mpu.o(i.mpu_set_accel_fsr)
    mpu_set_bypass                           0x080058f5   Thumb Code   214  inv_mpu.o(i.mpu_set_bypass)
    mpu_set_dmp_state                        0x080059d1   Thumb Code   114  inv_mpu.o(i.mpu_set_dmp_state)
    mpu_set_gyro_fsr                         0x08005a49   Thumb Code   104  inv_mpu.o(i.mpu_set_gyro_fsr)
    mpu_set_int_latched                      0x08005ab5   Thumb Code    94  inv_mpu.o(i.mpu_set_int_latched)
    mpu_set_lpf                              0x08005b19   Thumb Code   102  inv_mpu.o(i.mpu_set_lpf)
    mpu_set_sample_rate                      0x08005b85   Thumb Code   124  inv_mpu.o(i.mpu_set_sample_rate)
    mpu_set_sensors                          0x08005c05   Thumb Code   178  inv_mpu.o(i.mpu_set_sensors)
    mpu_write_mem                            0x08005cbd   Thumb Code    80  inv_mpu.o(i.mpu_write_mem)
    myget_ms                                 0x08005d11   Thumb Code     2  mpu6050.o(i.myget_ms)
    read_dmp                                 0x08005d15   Thumb Code   406  mpu6050.o(i.read_dmp)
    sqrt                                     0x08005f85   Thumb Code    76  sqrt.o(i.sqrt)
    w_mpu_init                               0x08005fd1   Thumb Code   104  mpu6050.o(i.w_mpu_init)
    w_mpu_read_byte                          0x08006041   Thumb Code    40  mpu6050.o(i.w_mpu_read_byte)
    w_mpu_read_device_address                0x08006071   Thumb Code    20  mpu6050.o(i.w_mpu_read_device_address)
    w_mpu_set_acce_fsr                       0x08006089   Thumb Code    20  mpu6050.o(i.w_mpu_set_acce_fsr)
    w_mpu_set_dlpf                           0x0800609d   Thumb Code    18  mpu6050.o(i.w_mpu_set_dlpf)
    w_mpu_set_gyro_fsr                       0x080060af   Thumb Code    20  mpu6050.o(i.w_mpu_set_gyro_fsr)
    w_mpu_set_sample_rate                    0x080060c3   Thumb Code    18  mpu6050.o(i.w_mpu_set_sample_rate)
    w_mpu_write_byte                         0x080060d5   Thumb Code    40  mpu6050.o(i.w_mpu_write_byte)
    _get_lc_numeric                          0x08006101   Thumb Code    44  lc_numeric_c.o(locale$$code)
    __aeabi_d2f                              0x0800612d   Thumb Code     0  d2f.o(x$fpl$d2f)
    _d2f                                     0x0800612d   Thumb Code    98  d2f.o(x$fpl$d2f)
    __aeabi_dadd                             0x08006191   Thumb Code     0  daddsub_clz.o(x$fpl$dadd)
    _dadd                                    0x08006191   Thumb Code   332  daddsub_clz.o(x$fpl$dadd)
    __fpl_dcheck_NaN1                        0x080062e1   Thumb Code    10  dcheck1.o(x$fpl$dcheck1)
    __aeabi_ddiv                             0x080062f1   Thumb Code     0  ddiv.o(x$fpl$ddiv)
    _ddiv                                    0x080062f1   Thumb Code   552  ddiv.o(x$fpl$ddiv)
    __aeabi_dmul                             0x080065a1   Thumb Code     0  dmul.o(x$fpl$dmul)
    _dmul                                    0x080065a1   Thumb Code   332  dmul.o(x$fpl$dmul)
    __fpl_dnaninf                            0x080066f5   Thumb Code   156  dnaninf.o(x$fpl$dnaninf)
    __fpl_dretinf                            0x08006791   Thumb Code    12  dretinf.o(x$fpl$dretinf)
    __aeabi_drsub                            0x0800679d   Thumb Code     0  daddsub_clz.o(x$fpl$drsb)
    _drsb                                    0x0800679d   Thumb Code    22  daddsub_clz.o(x$fpl$drsb)
    _dsqrt                                   0x080067b5   Thumb Code   456  dsqrt_noumaal.o(x$fpl$dsqrt)
    __aeabi_dsub                             0x08006981   Thumb Code     0  daddsub_clz.o(x$fpl$dsub)
    _dsub                                    0x08006981   Thumb Code   464  daddsub_clz.o(x$fpl$dsub)
    __aeabi_f2d                              0x08006b55   Thumb Code     0  f2d.o(x$fpl$f2d)
    _f2d                                     0x08006b55   Thumb Code    86  f2d.o(x$fpl$f2d)
    __aeabi_fadd                             0x08006bad   Thumb Code     0  faddsub_clz.o(x$fpl$fadd)
    _fadd                                    0x08006bad   Thumb Code   196  faddsub_clz.o(x$fpl$fadd)
    __fpl_fcheck_NaN1                        0x08006c71   Thumb Code     6  fcheck1.o(x$fpl$fcheck1)
    __aeabi_fdiv                             0x08006c7d   Thumb Code     0  fdiv.o(x$fpl$fdiv)
    _fdiv                                    0x08006c7d   Thumb Code   384  fdiv.o(x$fpl$fdiv)
    __aeabi_f2iz                             0x08006e01   Thumb Code     0  ffix.o(x$fpl$ffix)
    _ffix                                    0x08006e01   Thumb Code    54  ffix.o(x$fpl$ffix)
    __aeabi_f2uiz                            0x08006e39   Thumb Code     0  ffixu.o(x$fpl$ffixu)
    _ffixu                                   0x08006e39   Thumb Code    62  ffixu.o(x$fpl$ffixu)
    __aeabi_i2f                              0x08006e79   Thumb Code     0  fflt_clz.o(x$fpl$fflt)
    _fflt                                    0x08006e79   Thumb Code    48  fflt_clz.o(x$fpl$fflt)
    __aeabi_ui2f                             0x08006ea9   Thumb Code     0  fflt_clz.o(x$fpl$ffltu)
    _ffltu                                   0x08006ea9   Thumb Code    38  fflt_clz.o(x$fpl$ffltu)
    __aeabi_fmul                             0x08006ed1   Thumb Code     0  fmul.o(x$fpl$fmul)
    _fmul                                    0x08006ed1   Thumb Code   258  fmul.o(x$fpl$fmul)
    __fpl_fnaninf                            0x08006fd3   Thumb Code   140  fnaninf.o(x$fpl$fnaninf)
    __fpl_fretinf                            0x0800705f   Thumb Code    10  fretinf.o(x$fpl$fretinf)
    __aeabi_fsub                             0x08007069   Thumb Code     0  faddsub_clz.o(x$fpl$fsub)
    _fsub                                    0x08007069   Thumb Code   234  faddsub_clz.o(x$fpl$fsub)
    _printf_fp_dec                           0x08007153   Thumb Code     4  printf1.o(x$fpl$printf1)
    __fpl_return_NaN                         0x08007157   Thumb Code   100  retnan.o(x$fpl$retnan)
    __ARM_scalbn                             0x080071bb   Thumb Code    92  scalbn.o(x$fpl$scalbn)
    __ARM_scalbnf                            0x08007217   Thumb Code    76  scalbnf.o(x$fpl$scalbnf)
    __fpl_cmpreturn                          0x08007263   Thumb Code    48  trapv.o(x$fpl$trapveneer)
    AHBPrescTable                            0x08007292   Data          16  system_stm32f1xx.o(.constdata)
    __I$use$fp                               0x08007292   Number         0  usenofp.o(x$fpl$usenofp)
    APBPrescTable                            0x080072a2   Data           8  system_stm32f1xx.o(.constdata)
    F6x8                                     0x080072aa   Data         552  oled.o(.constdata)
    F8X16                                    0x080074d2   Data        1520  oled.o(.constdata)
    reg                                      0x08007ac2   Data          30  inv_mpu.o(.constdata)
    hw                                       0x08007ae0   Data          12  inv_mpu.o(.constdata)
    test                                     0x08007aec   Data          40  inv_mpu.o(.constdata)
    __mathlib_zero                           0x080087f8   Data           8  qnan.o(.constdata)
    Region$$Table$$Base                      0x08008894   Number         0  anon$$obj.o(Region$$Table)
    Region$$Table$$Limit                     0x080088b4   Number         0  anon$$obj.o(Region$$Table)
    MotorSpeed1                              0x20000000   Data           4  main.o(.data)
    MotorSpeed2                              0x20000004   Data           4  main.o(.data)
    uwTickFreq                               0x20000008   Data           1  stm32f1xx_hal.o(.data)
    uwTickPrio                               0x2000000c   Data           4  stm32f1xx_hal.o(.data)
    uwTick                                   0x20000010   Data           4  stm32f1xx_hal.o(.data)
    SystemCoreClock                          0x20000014   Data           4  system_stm32f1xx.o(.data)
    hi2c1                                    0x20000058   Data          84  i2c.o(.bss)
    hi2c2                                    0x200000ac   Data          84  i2c.o(.bss)
    htim2                                    0x20000100   Data          72  tim.o(.bss)
    htim3                                    0x20000148   Data          72  tim.o(.bss)
    htim4                                    0x20000190   Data          72  tim.o(.bss)
    htim5                                    0x200001d8   Data          72  tim.o(.bss)
    huart1                                   0x20000220   Data          68  usart.o(.bss)
    mpu_raw_msg                              0x20000274   Data          28  mpu6050.o(.bss)
    mpu_pose_msg                             0x20000290   Data          12  mpu6050.o(.bss)
    __libspace_start                         0x2000029c   Data          96  libspace.o(.bss)
    __temporary_stack_top$libspace           0x200002fc   Data           0  libspace.o(.bss)



==============================================================================

Memory Map of the image

  Image Entry point : 0x08000131

  Load Region LR_IROM1 (Base: 0x08000000, Size: 0x00008928, Max: 0x00040000, ABSOLUTE)

    Execution Region ER_IROM1 (Base: 0x08000000, Size: 0x000088d0, Max: 0x00040000, ABSOLUTE)

    Base Addr    Size         Type   Attr      Idx    E Section Name        Object

    0x08000000   0x00000130   Data   RO            3    RESET               startup_stm32f103xe.o
    0x08000130   0x00000008   Code   RO         4180  * !!!main             c_w.l(__main.o)
    0x08000138   0x00000034   Code   RO         4540    !!!scatter          c_w.l(__scatter.o)
    0x0800016c   0x0000001a   Code   RO         4542    !!handler_copy      c_w.l(__scatter_copy.o)
    0x08000186   0x00000002   PAD
    0x08000188   0x0000001c   Code   RO         4544    !!handler_zi        c_w.l(__scatter_zi.o)
    0x080001a4   0x00000000   Code   RO         4169    .ARM.Collect$$_printf_percent$$00000000  c_w.l(_printf_percent.o)
    0x080001a4   0x00000006   Code   RO         4168    .ARM.Collect$$_printf_percent$$00000003  c_w.l(_printf_f.o)
    0x080001aa   0x00000004   Code   RO         4263    .ARM.Collect$$_printf_percent$$00000017  c_w.l(_printf_percent_end.o)
    0x080001ae   0x00000002   Code   RO         4405    .ARM.Collect$$libinit$$00000000  c_w.l(libinit.o)
    0x080001b0   0x00000000   Code   RO         4407    .ARM.Collect$$libinit$$00000002  c_w.l(libinit2.o)
    0x080001b0   0x00000000   Code   RO         4409    .ARM.Collect$$libinit$$00000004  c_w.l(libinit2.o)
    0x080001b0   0x00000000   Code   RO         4412    .ARM.Collect$$libinit$$0000000A  c_w.l(libinit2.o)
    0x080001b0   0x00000000   Code   RO         4414    .ARM.Collect$$libinit$$0000000C  c_w.l(libinit2.o)
    0x080001b0   0x00000000   Code   RO         4416    .ARM.Collect$$libinit$$0000000E  c_w.l(libinit2.o)
    0x080001b0   0x00000006   Code   RO         4417    .ARM.Collect$$libinit$$0000000F  c_w.l(libinit2.o)
    0x080001b6   0x00000000   Code   RO         4419    .ARM.Collect$$libinit$$00000011  c_w.l(libinit2.o)
    0x080001b6   0x00000000   Code   RO         4421    .ARM.Collect$$libinit$$00000013  c_w.l(libinit2.o)
    0x080001b6   0x00000000   Code   RO         4423    .ARM.Collect$$libinit$$00000015  c_w.l(libinit2.o)
    0x080001b6   0x0000000a   Code   RO         4424    .ARM.Collect$$libinit$$00000016  c_w.l(libinit2.o)
    0x080001c0   0x00000000   Code   RO         4425    .ARM.Collect$$libinit$$00000017  c_w.l(libinit2.o)
    0x080001c0   0x00000000   Code   RO         4427    .ARM.Collect$$libinit$$00000019  c_w.l(libinit2.o)
    0x080001c0   0x00000000   Code   RO         4429    .ARM.Collect$$libinit$$0000001B  c_w.l(libinit2.o)
    0x080001c0   0x00000000   Code   RO         4431    .ARM.Collect$$libinit$$0000001D  c_w.l(libinit2.o)
    0x080001c0   0x00000000   Code   RO         4433    .ARM.Collect$$libinit$$0000001F  c_w.l(libinit2.o)
    0x080001c0   0x00000000   Code   RO         4435    .ARM.Collect$$libinit$$00000021  c_w.l(libinit2.o)
    0x080001c0   0x00000000   Code   RO         4437    .ARM.Collect$$libinit$$00000023  c_w.l(libinit2.o)
    0x080001c0   0x00000000   Code   RO         4439    .ARM.Collect$$libinit$$00000025  c_w.l(libinit2.o)
    0x080001c0   0x00000000   Code   RO         4443    .ARM.Collect$$libinit$$0000002C  c_w.l(libinit2.o)
    0x080001c0   0x00000000   Code   RO         4445    .ARM.Collect$$libinit$$0000002E  c_w.l(libinit2.o)
    0x080001c0   0x00000000   Code   RO         4447    .ARM.Collect$$libinit$$00000030  c_w.l(libinit2.o)
    0x080001c0   0x00000000   Code   RO         4449    .ARM.Collect$$libinit$$00000032  c_w.l(libinit2.o)
    0x080001c0   0x00000002   Code   RO         4450    .ARM.Collect$$libinit$$00000033  c_w.l(libinit2.o)
    0x080001c2   0x00000002   Code   RO         4498    .ARM.Collect$$libshutdown$$00000000  c_w.l(libshutdown.o)
    0x080001c4   0x00000000   Code   RO         4509    .ARM.Collect$$libshutdown$$00000002  c_w.l(libshutdown2.o)
    0x080001c4   0x00000000   Code   RO         4511    .ARM.Collect$$libshutdown$$00000004  c_w.l(libshutdown2.o)
    0x080001c4   0x00000000   Code   RO         4514    .ARM.Collect$$libshutdown$$00000007  c_w.l(libshutdown2.o)
    0x080001c4   0x00000000   Code   RO         4517    .ARM.Collect$$libshutdown$$0000000A  c_w.l(libshutdown2.o)
    0x080001c4   0x00000000   Code   RO         4519    .ARM.Collect$$libshutdown$$0000000C  c_w.l(libshutdown2.o)
    0x080001c4   0x00000000   Code   RO         4522    .ARM.Collect$$libshutdown$$0000000F  c_w.l(libshutdown2.o)
    0x080001c4   0x00000002   Code   RO         4523    .ARM.Collect$$libshutdown$$00000010  c_w.l(libshutdown2.o)
    0x080001c6   0x00000000   Code   RO         4252    .ARM.Collect$$rtentry$$00000000  c_w.l(__rtentry.o)
    0x080001c6   0x00000000   Code   RO         4317    .ARM.Collect$$rtentry$$00000002  c_w.l(__rtentry2.o)
    0x080001c6   0x00000006   Code   RO         4329    .ARM.Collect$$rtentry$$00000004  c_w.l(__rtentry4.o)
    0x080001cc   0x00000000   Code   RO         4319    .ARM.Collect$$rtentry$$00000009  c_w.l(__rtentry2.o)
    0x080001cc   0x00000004   Code   RO         4320    .ARM.Collect$$rtentry$$0000000A  c_w.l(__rtentry2.o)
    0x080001d0   0x00000000   Code   RO         4322    .ARM.Collect$$rtentry$$0000000C  c_w.l(__rtentry2.o)
    0x080001d0   0x00000008   Code   RO         4323    .ARM.Collect$$rtentry$$0000000D  c_w.l(__rtentry2.o)
    0x080001d8   0x00000002   Code   RO         4455    .ARM.Collect$$rtexit$$00000000  c_w.l(rtexit.o)
    0x080001da   0x00000000   Code   RO         4466    .ARM.Collect$$rtexit$$00000002  c_w.l(rtexit2.o)
    0x080001da   0x00000004   Code   RO         4467    .ARM.Collect$$rtexit$$00000003  c_w.l(rtexit2.o)
    0x080001de   0x00000006   Code   RO         4468    .ARM.Collect$$rtexit$$00000004  c_w.l(rtexit2.o)
    0x080001e4   0x00000040   Code   RO            4    .text               startup_stm32f103xe.o
    0x08000224   0x00000048   Code   RO         4140    .text               c_w.l(llsdiv.o)
    0x0800026c   0x00000028   Code   RO         4144    .text               c_w.l(noretval__2sprintf.o)
    0x08000294   0x0000010e   Code   RO         4156    .text               c_w.l(__printf_wp.o)
    0x080003a2   0x00000058   Code   RO         4172    .text               c_w.l(memcmp.o)
    0x080003fa   0x00000010   Code   RO         4174    .text               c_w.l(aeabi_memset.o)
    0x0800040a   0x0000004e   Code   RO         4176    .text               c_w.l(rt_memclr_w.o)
    0x08000458   0x00000006   Code   RO         4178    .text               c_w.l(heapauxi.o)
    0x0800045e   0x000000ee   Code   RO         4253    .text               c_w.l(lludivv7m.o)
    0x0800054c   0x00000016   Code   RO         4255    .text               c_w.l(_rserrno.o)
    0x08000562   0x0000041a   Code   RO         4257    .text               c_w.l(_printf_fp_dec.o)
    0x0800097c   0x00000030   Code   RO         4259    .text               c_w.l(_printf_char_common.o)
    0x080009ac   0x0000000a   Code   RO         4261    .text               c_w.l(_sputc.o)
    0x080009b6   0x00000044   Code   RO         4264    .text               c_w.l(rt_memclr.o)
    0x080009fa   0x00000002   PAD
    0x080009fc   0x00000008   Code   RO         4338    .text               c_w.l(rt_locale_intlibspace.o)
    0x08000a04   0x00000008   Code   RO         4343    .text               c_w.l(rt_errno_addr_intlibspace.o)
    0x08000a0c   0x0000008a   Code   RO         4345    .text               c_w.l(lludiv10.o)
    0x08000a96   0x00000002   PAD
    0x08000a98   0x00000080   Code   RO         4347    .text               c_w.l(_printf_fp_infnan.o)
    0x08000b18   0x000000dc   Code   RO         4351    .text               c_w.l(bigflt0.o)
    0x08000bf4   0x00000008   Code   RO         4389    .text               c_w.l(libspace.o)
    0x08000bfc   0x0000004a   Code   RO         4392    .text               c_w.l(sys_stackheap_outer.o)
    0x08000c46   0x00000012   Code   RO         4396    .text               c_w.l(exit.o)
    0x08000c58   0x00000080   Code   RO         4398    .text               c_w.l(strcmpv7m.o)
    0x08000cd8   0x0000000c   Code   RO         4484    .text               c_w.l(sys_exit.o)
    0x08000ce4   0x00000002   Code   RO         4501    .text               c_w.l(use_no_semi.o)
    0x08000ce6   0x00000000   Code   RO         4503    .text               c_w.l(indicate_semi.o)
    0x08000ce6   0x0000003e   Code   RO         4354    CL$$btod_d2e        c_w.l(btod.o)
    0x08000d24   0x00000046   Code   RO         4356    CL$$btod_d2e_denorm_low  c_w.l(btod.o)
    0x08000d6a   0x00000060   Code   RO         4355    CL$$btod_d2e_norm_op1  c_w.l(btod.o)
    0x08000dca   0x00000338   Code   RO         4364    CL$$btod_div_common  c_w.l(btod.o)
    0x08001102   0x000000c6   Code   RO         4361    CL$$btod_e2e        c_w.l(btod.o)
    0x080011c8   0x00000028   Code   RO         4358    CL$$btod_ediv       c_w.l(btod.o)
    0x080011f0   0x00000028   Code   RO         4357    CL$$btod_emul       c_w.l(btod.o)
    0x08001218   0x00000244   Code   RO         4363    CL$$btod_mult_common  c_w.l(btod.o)
    0x0800145c   0x00000002   Code   RO          388    i.BusFault_Handler  stm32f1xx_it.o
    0x0800145e   0x00000002   Code   RO          389    i.DebugMon_Handler  stm32f1xx_it.o
    0x08001460   0x00000004   Code   RO           13    i.Error_Handler     main.o
    0x08001464   0x00000024   Code   RO          969    i.HAL_Delay         stm32f1xx_hal.o
    0x08001488   0x000001f8   Code   RO         1277    i.HAL_GPIO_Init     stm32f1xx_hal_gpio.o
    0x08001680   0x00000010   Code   RO         1280    i.HAL_GPIO_TogglePin  stm32f1xx_hal_gpio.o
    0x08001690   0x0000000a   Code   RO         1281    i.HAL_GPIO_WritePin  stm32f1xx_hal_gpio.o
    0x0800169a   0x00000002   PAD
    0x0800169c   0x0000000c   Code   RO          973    i.HAL_GetTick       stm32f1xx_hal.o
    0x080016a8   0x00000188   Code   RO          541    i.HAL_I2C_Init      stm32f1xx_hal_i2c.o
    0x08001830   0x00000250   Code   RO          559    i.HAL_I2C_Mem_Read  stm32f1xx_hal_i2c.o
    0x08001a80   0x00000130   Code   RO          562    i.HAL_I2C_Mem_Write  stm32f1xx_hal_i2c.o
    0x08001bb0   0x00000098   Code   RO          209    i.HAL_I2C_MspInit   i2c.o
    0x08001c48   0x00000010   Code   RO          979    i.HAL_IncTick       stm32f1xx_hal.o
    0x08001c58   0x00000024   Code   RO          980    i.HAL_Init          stm32f1xx_hal.o
    0x08001c7c   0x00000040   Code   RO          981    i.HAL_InitTick      stm32f1xx_hal.o
    0x08001cbc   0x0000003c   Code   RO          470    i.HAL_MspInit       stm32f1xx_hal_msp.o
    0x08001cf8   0x0000001a   Code   RO         1437    i.HAL_NVIC_EnableIRQ  stm32f1xx_hal_cortex.o
    0x08001d12   0x00000002   PAD
    0x08001d14   0x00000040   Code   RO         1443    i.HAL_NVIC_SetPriority  stm32f1xx_hal_cortex.o
    0x08001d54   0x00000024   Code   RO         1444    i.HAL_NVIC_SetPriorityGrouping  stm32f1xx_hal_cortex.o
    0x08001d78   0x0000012c   Code   RO         1137    i.HAL_RCC_ClockConfig  stm32f1xx_hal_rcc.o
    0x08001ea4   0x00000020   Code   RO         1144    i.HAL_RCC_GetPCLK1Freq  stm32f1xx_hal_rcc.o
    0x08001ec4   0x00000020   Code   RO         1145    i.HAL_RCC_GetPCLK2Freq  stm32f1xx_hal_rcc.o
    0x08001ee4   0x0000006c   Code   RO         1146    i.HAL_RCC_GetSysClockFreq  stm32f1xx_hal_rcc.o
    0x08001f50   0x00000320   Code   RO         1149    i.HAL_RCC_OscConfig  stm32f1xx_hal_rcc.o
    0x08002270   0x00000028   Code   RO         1448    i.HAL_SYSTICK_Config  stm32f1xx_hal_cortex.o
    0x08002298   0x00000002   Code   RO         2643    i.HAL_TIMEx_BreakCallback  stm32f1xx_hal_tim_ex.o
    0x0800229a   0x00000002   Code   RO         2644    i.HAL_TIMEx_CommutCallback  stm32f1xx_hal_tim_ex.o
    0x0800229c   0x0000007c   Code   RO         2662    i.HAL_TIMEx_MasterConfigSynchronization  stm32f1xx_hal_tim_ex.o
    0x08002318   0x0000005a   Code   RO         1939    i.HAL_TIM_Base_Init  stm32f1xx_hal_tim.o
    0x08002372   0x00000002   PAD
    0x08002374   0x0000003c   Code   RO          257    i.HAL_TIM_Base_MspInit  tim.o
    0x080023b0   0x0000006c   Code   RO         1944    i.HAL_TIM_Base_Start_IT  stm32f1xx_hal_tim.o
    0x0800241c   0x000000d6   Code   RO         1948    i.HAL_TIM_ConfigClockSource  stm32f1xx_hal_tim.o
    0x080024f2   0x000000a4   Code   RO         1960    i.HAL_TIM_Encoder_Init  stm32f1xx_hal_tim.o
    0x08002596   0x00000002   PAD
    0x08002598   0x00000080   Code   RO          259    i.HAL_TIM_Encoder_MspInit  tim.o
    0x08002618   0x0000008e   Code   RO         1963    i.HAL_TIM_Encoder_Start  stm32f1xx_hal_tim.o
    0x080026a6   0x00000002   Code   RO         1973    i.HAL_TIM_IC_CaptureCallback  stm32f1xx_hal_tim.o
    0x080026a8   0x00000166   Code   RO         1987    i.HAL_TIM_IRQHandler  stm32f1xx_hal_tim.o
    0x0800280e   0x00000002   PAD
    0x08002810   0x0000004c   Code   RO          260    i.HAL_TIM_MspPostInit  tim.o
    0x0800285c   0x00000002   Code   RO         1990    i.HAL_TIM_OC_DelayElapsedCallback  stm32f1xx_hal_tim.o
    0x0800285e   0x000000c6   Code   RO         2011    i.HAL_TIM_PWM_ConfigChannel  stm32f1xx_hal_tim.o
    0x08002924   0x0000005a   Code   RO         2014    i.HAL_TIM_PWM_Init  stm32f1xx_hal_tim.o
    0x0800297e   0x00000002   PAD
    0x08002980   0x00000028   Code   RO          262    i.HAL_TIM_PWM_MspInit  tim.o
    0x080029a8   0x00000002   Code   RO         2017    i.HAL_TIM_PWM_PulseFinishedCallback  stm32f1xx_hal_tim.o
    0x080029aa   0x00000002   PAD
    0x080029ac   0x000000b4   Code   RO         2019    i.HAL_TIM_PWM_Start  stm32f1xx_hal_tim.o
    0x08002a60   0x0000008c   Code   RO           14    i.HAL_TIM_PeriodElapsedCallback  main.o
    0x08002aec   0x00000002   Code   RO         2030    i.HAL_TIM_TriggerCallback  stm32f1xx_hal_tim.o
    0x08002aee   0x00000062   Code   RO         2939    i.HAL_UART_Init     stm32f1xx_hal_uart.o
    0x08002b50   0x00000070   Code   RO          347    i.HAL_UART_MspInit  usart.o
    0x08002bc0   0x00000002   Code   RO          390    i.HardFault_Handler  stm32f1xx_it.o
    0x08002bc2   0x0000002e   Code   RO          583    i.I2C_IsAcknowledgeFailed  stm32f1xx_hal_i2c.o
    0x08002bf0   0x000000fc   Code   RO          593    i.I2C_RequestMemoryRead  stm32f1xx_hal_i2c.o
    0x08002cec   0x000000a8   Code   RO          594    i.I2C_RequestMemoryWrite  stm32f1xx_hal_i2c.o
    0x08002d94   0x0000004c   Code   RO          598    i.I2C_WaitOnBTFFlagUntilTimeout  stm32f1xx_hal_i2c.o
    0x08002de0   0x00000068   Code   RO          599    i.I2C_WaitOnFlagUntilTimeout  stm32f1xx_hal_i2c.o
    0x08002e48   0x00000096   Code   RO          600    i.I2C_WaitOnMasterAddressFlagUntilTimeout  stm32f1xx_hal_i2c.o
    0x08002ede   0x00000066   Code   RO          601    i.I2C_WaitOnRXNEFlagUntilTimeout  stm32f1xx_hal_i2c.o
    0x08002f44   0x0000004c   Code   RO          602    i.I2C_WaitOnTXEFlagUntilTimeout  stm32f1xx_hal_i2c.o
    0x08002f90   0x00000020   Code   RO         3911    i.MPU6050_dmpRead   mpu6050.o
    0x08002fb0   0x00000020   Code   RO         3912    i.MPU6050_dmpWrite  mpu6050.o
    0x08002fd0   0x000000bc   Code   RO          184    i.MX_GPIO_Init      gpio.o
    0x0800308c   0x00000040   Code   RO          210    i.MX_I2C1_Init      i2c.o
    0x080030cc   0x00000040   Code   RO          211    i.MX_I2C2_Init      i2c.o
    0x0800310c   0x00000068   Code   RO          263    i.MX_TIM2_Init      tim.o
    0x08003174   0x0000006c   Code   RO          264    i.MX_TIM3_Init      tim.o
    0x080031e0   0x00000080   Code   RO          265    i.MX_TIM4_Init      tim.o
    0x08003260   0x00000068   Code   RO          266    i.MX_TIM5_Init      tim.o
    0x080032c8   0x00000038   Code   RO          348    i.MX_USART1_UART_Init  usart.o
    0x08003300   0x00000002   Code   RO          391    i.MemManage_Handler  stm32f1xx_it.o
    0x08003302   0x00000002   PAD
    0x08003304   0x00000028   Code   RO         4081    i.MotorDriver_SetPWMDuty  motor.o
    0x0800332c   0x00000038   Code   RO         4083    i.Motor_forward     motor.o
    0x08003364   0x00000002   Code   RO          392    i.NMI_Handler       stm32f1xx_it.o
    0x08003366   0x00000006   Code   RO         3305    i.OLED_CLS          oled.o
    0x0800336c   0x00000038   Code   RO         3307    i.OLED_Fill         oled.o
    0x080033a4   0x000000b4   Code   RO         3308    i.OLED_Init         oled.o
    0x08003458   0x00000026   Code   RO         3311    i.OLED_SetPos       oled.o
    0x0800347e   0x00000002   PAD
    0x08003480   0x000000d8   Code   RO         3315    i.OLED_ShowStr      oled.o
    0x08003558   0x00000002   Code   RO          393    i.PendSV_Handler    stm32f1xx_it.o
    0x0800355a   0x00000002   Code   RO          394    i.SVC_Handler       stm32f1xx_it.o
    0x0800355c   0x00000004   Code   RO          395    i.SysTick_Handler   stm32f1xx_it.o
    0x08003560   0x0000005e   Code   RO           15    i.SystemClock_Config  main.o
    0x080035be   0x00000002   Code   RO         3268    i.SystemInit        system_stm32f1xx.o
    0x080035c0   0x0000000c   Code   RO          396    i.TIM5_IRQHandler   stm32f1xx_it.o
    0x080035cc   0x0000008c   Code   RO         2032    i.TIM_Base_SetConfig  stm32f1xx_hal_tim.o
    0x08003658   0x0000001a   Code   RO         2033    i.TIM_CCxChannelCmd  stm32f1xx_hal_tim.o
    0x08003672   0x00000014   Code   RO         2043    i.TIM_ETR_SetConfig  stm32f1xx_hal_tim.o
    0x08003686   0x00000010   Code   RO         2044    i.TIM_ITRx_SetConfig  stm32f1xx_hal_tim.o
    0x08003696   0x00000002   PAD
    0x08003698   0x00000060   Code   RO         2045    i.TIM_OC1_SetConfig  stm32f1xx_hal_tim.o
    0x080036f8   0x0000006c   Code   RO         2046    i.TIM_OC2_SetConfig  stm32f1xx_hal_tim.o
    0x08003764   0x00000068   Code   RO         2047    i.TIM_OC3_SetConfig  stm32f1xx_hal_tim.o
    0x080037cc   0x00000050   Code   RO         2048    i.TIM_OC4_SetConfig  stm32f1xx_hal_tim.o
    0x0800381c   0x00000022   Code   RO         2050    i.TIM_TI1_ConfigInputStage  stm32f1xx_hal_tim.o
    0x0800383e   0x00000024   Code   RO         2052    i.TIM_TI2_ConfigInputStage  stm32f1xx_hal_tim.o
    0x08003862   0x00000002   PAD
    0x08003864   0x000000b8   Code   RO         2965    i.UART_SetConfig    stm32f1xx_hal_uart.o
    0x0800391c   0x00000002   Code   RO          397    i.UsageFault_Handler  stm32f1xx_it.o
    0x0800391e   0x00000002   PAD
    0x08003920   0x00000024   Code   RO         3316    i.WriteCmd          oled.o
    0x08003944   0x00000024   Code   RO         3317    i.WriteDat          oled.o
    0x08003968   0x00000028   Code   RO         4303    i.__ARM_fpclassify  m_ws.l(fpclassify.o)
    0x08003990   0x00000020   Code   RO         1450    i.__NVIC_SetPriority  stm32f1xx_hal_cortex.o
    0x080039b0   0x000000aa   Code   RO         4305    i.__kernel_poly     m_ws.l(poly.o)
    0x08003a5a   0x00000006   Code   RO         4290    i.__mathlib_dbl_infnan  m_ws.l(dunder.o)
    0x08003a60   0x00000004   Code   RO         4291    i.__mathlib_dbl_infnan2  m_ws.l(dunder.o)
    0x08003a64   0x0000000c   Code   RO         4292    i.__mathlib_dbl_invalid  m_ws.l(dunder.o)
    0x08003a70   0x00000010   Code   RO         4295    i.__mathlib_dbl_underflow  m_ws.l(dunder.o)
    0x08003a80   0x0000000e   Code   RO         4158    i._is_digit         c_w.l(__printf_wp.o)
    0x08003a8e   0x00000002   PAD
    0x08003a90   0x00000080   Code   RO         3414    i.accel_self_test   inv_mpu.o
    0x08003b10   0x00000270   Code   RO         4235    i.asin              m_ws.l(asin.o)
    0x08003d80   0x00000220   Code   RO         4280    i.atan              m_ws.l(atan.o)
    0x08003fa0   0x00000180   Code   RO         4245    i.atan2             m_ws.l(atan2.o)
    0x08004120   0x0000003a   Code   RO         3722    i.dmp_enable_6x_lp_quat  inv_mpu_dmp_motion_driver.o
    0x0800415a   0x00000002   PAD
    0x0800415c   0x000001d8   Code   RO         3723    i.dmp_enable_feature  inv_mpu_dmp_motion_driver.o
    0x08004334   0x0000003c   Code   RO         3724    i.dmp_enable_gyro_cal  inv_mpu_dmp_motion_driver.o
    0x08004370   0x0000003a   Code   RO         3725    i.dmp_enable_lp_quat  inv_mpu_dmp_motion_driver.o
    0x080043aa   0x00000002   PAD
    0x080043ac   0x00000020   Code   RO         3913    i.dmp_i2c_read      mpu6050.o
    0x080043cc   0x000000c8   Code   RO         3915    i.dmp_init          mpu6050.o
    0x08004494   0x00000014   Code   RO         3730    i.dmp_load_motion_driver_firmware  inv_mpu_dmp_motion_driver.o
    0x080044a8   0x00000144   Code   RO         3731    i.dmp_read_fifo     inv_mpu_dmp_motion_driver.o
    0x080045ec   0x000000d8   Code   RO         3734    i.dmp_set_accel_bias  inv_mpu_dmp_motion_driver.o
    0x080046c4   0x00000064   Code   RO         3735    i.dmp_set_fifo_rate  inv_mpu_dmp_motion_driver.o
    0x08004728   0x000000cc   Code   RO         3736    i.dmp_set_gyro_bias  inv_mpu_dmp_motion_driver.o
    0x080047f4   0x0000010c   Code   RO         3738    i.dmp_set_orientation  inv_mpu_dmp_motion_driver.o
    0x08004900   0x00000030   Code   RO         3741    i.dmp_set_shake_reject_thresh  inv_mpu_dmp_motion_driver.o
    0x08004930   0x00000020   Code   RO         3742    i.dmp_set_shake_reject_time  inv_mpu_dmp_motion_driver.o
    0x08004950   0x00000020   Code   RO         3743    i.dmp_set_shake_reject_timeout  inv_mpu_dmp_motion_driver.o
    0x08004970   0x00000040   Code   RO         3744    i.dmp_set_tap_axes  inv_mpu_dmp_motion_driver.o
    0x080049b0   0x00000022   Code   RO         3745    i.dmp_set_tap_count  inv_mpu_dmp_motion_driver.o
    0x080049d2   0x00000002   PAD
    0x080049d4   0x00000128   Code   RO         3746    i.dmp_set_tap_thresh  inv_mpu_dmp_motion_driver.o
    0x08004afc   0x00000020   Code   RO         3747    i.dmp_set_tap_time  inv_mpu_dmp_motion_driver.o
    0x08004b1c   0x00000020   Code   RO         3748    i.dmp_set_tap_time_multi  inv_mpu_dmp_motion_driver.o
    0x08004b3c   0x000000ac   Code   RO         3415    i.get_accel_prod_shift  inv_mpu.o
    0x08004be8   0x00000314   Code   RO         3416    i.get_st_biases     inv_mpu.o
    0x08004efc   0x000000d4   Code   RO         3417    i.gyro_self_test    inv_mpu.o
    0x08004fd0   0x00000048   Code   RO         3918    i.inv_row_2_scale   mpu6050.o
    0x08005018   0x00000128   Code   RO           16    i.main              main.o
    0x08005140   0x00000054   Code   RO         3418    i.mpu_configure_fifo  inv_mpu.o
    0x08005194   0x0000003c   Code   RO         3419    i.mpu_get_accel_fsr  inv_mpu.o
    0x080051d0   0x00000044   Code   RO         3421    i.mpu_get_accel_sens  inv_mpu.o
    0x08005214   0x00000034   Code   RO         3427    i.mpu_get_gyro_fsr  inv_mpu.o
    0x08005248   0x00000040   Code   RO         3429    i.mpu_get_gyro_sens  inv_mpu.o
    0x08005288   0x00000038   Code   RO         3431    i.mpu_get_lpf       inv_mpu.o
    0x080052c0   0x0000001c   Code   RO         3433    i.mpu_get_sample_rate  inv_mpu.o
    0x080052dc   0x00000124   Code   RO         3435    i.mpu_init          inv_mpu.o
    0x08005400   0x000000a0   Code   RO         3436    i.mpu_load_firmware  inv_mpu.o
    0x080054a0   0x000000b8   Code   RO         3437    i.mpu_lp_accel_mode  inv_mpu.o
    0x08005558   0x00000090   Code   RO         3440    i.mpu_read_fifo_stream  inv_mpu.o
    0x080055e8   0x00000054   Code   RO         3441    i.mpu_read_mem      inv_mpu.o
    0x0800563c   0x00000160   Code   RO         3444    i.mpu_reset_fifo    inv_mpu.o
    0x0800579c   0x000000f0   Code   RO         3445    i.mpu_run_self_test  inv_mpu.o
    0x0800588c   0x00000068   Code   RO         3447    i.mpu_set_accel_fsr  inv_mpu.o
    0x080058f4   0x000000dc   Code   RO         3448    i.mpu_set_bypass    inv_mpu.o
    0x080059d0   0x00000078   Code   RO         3450    i.mpu_set_dmp_state  inv_mpu.o
    0x08005a48   0x0000006c   Code   RO         3451    i.mpu_set_gyro_fsr  inv_mpu.o
    0x08005ab4   0x00000064   Code   RO         3452    i.mpu_set_int_latched  inv_mpu.o
    0x08005b18   0x0000006c   Code   RO         3454    i.mpu_set_lpf       inv_mpu.o
    0x08005b84   0x00000080   Code   RO         3455    i.mpu_set_sample_rate  inv_mpu.o
    0x08005c04   0x000000b8   Code   RO         3456    i.mpu_set_sensors   inv_mpu.o
    0x08005cbc   0x00000054   Code   RO         3457    i.mpu_write_mem     inv_mpu.o
    0x08005d10   0x00000002   Code   RO         3920    i.myget_ms          mpu6050.o
    0x08005d12   0x00000002   PAD
    0x08005d14   0x0000019c   Code   RO         3921    i.read_dmp          mpu6050.o
    0x08005eb0   0x0000007a   Code   RO         3922    i.run_self_test     mpu6050.o
    0x08005f2a   0x00000002   PAD
    0x08005f2c   0x00000058   Code   RO         3458    i.set_int_enable    inv_mpu.o
    0x08005f84   0x0000004c   Code   RO         4309    i.sqrt              m_ws.l(sqrt.o)
    0x08005fd0   0x00000070   Code   RO         3923    i.w_mpu_init        mpu6050.o
    0x08006040   0x00000030   Code   RO         3925    i.w_mpu_read_byte   mpu6050.o
    0x08006070   0x00000018   Code   RO         3927    i.w_mpu_read_device_address  mpu6050.o
    0x08006088   0x00000014   Code   RO         3929    i.w_mpu_set_acce_fsr  mpu6050.o
    0x0800609c   0x00000012   Code   RO         3930    i.w_mpu_set_dlpf    mpu6050.o
    0x080060ae   0x00000014   Code   RO         3931    i.w_mpu_set_gyro_fsr  mpu6050.o
    0x080060c2   0x00000012   Code   RO         3932    i.w_mpu_set_sample_rate  mpu6050.o
    0x080060d4   0x0000002c   Code   RO         3933    i.w_mpu_write_byte  mpu6050.o
    0x08006100   0x0000002c   Code   RO         4377    locale$$code        c_w.l(lc_numeric_c.o)
    0x0800612c   0x00000062   Code   RO         4182    x$fpl$d2f           fz_ws.l(d2f.o)
    0x0800618e   0x00000002   PAD
    0x08006190   0x00000150   Code   RO         4184    x$fpl$dadd          fz_ws.l(daddsub_clz.o)
    0x080062e0   0x00000010   Code   RO         4379    x$fpl$dcheck1       fz_ws.l(dcheck1.o)
    0x080062f0   0x000002b0   Code   RO         4191    x$fpl$ddiv          fz_ws.l(ddiv.o)
    0x080065a0   0x00000154   Code   RO         4200    x$fpl$dmul          fz_ws.l(dmul.o)
    0x080066f4   0x0000009c   Code   RO         4266    x$fpl$dnaninf       fz_ws.l(dnaninf.o)
    0x08006790   0x0000000c   Code   RO         4268    x$fpl$dretinf       fz_ws.l(dretinf.o)
    0x0800679c   0x00000016   Code   RO         4185    x$fpl$drsb          fz_ws.l(daddsub_clz.o)
    0x080067b2   0x00000002   PAD
    0x080067b4   0x000001cc   Code   RO         4383    x$fpl$dsqrt         fz_ws.l(dsqrt_noumaal.o)
    0x08006980   0x000001d4   Code   RO         4186    x$fpl$dsub          fz_ws.l(daddsub_clz.o)
    0x08006b54   0x00000056   Code   RO         4202    x$fpl$f2d           fz_ws.l(f2d.o)
    0x08006baa   0x00000002   PAD
    0x08006bac   0x000000c4   Code   RO         4204    x$fpl$fadd          fz_ws.l(faddsub_clz.o)
    0x08006c70   0x0000000c   Code   RO         4270    x$fpl$fcheck1       fz_ws.l(fcheck1.o)
    0x08006c7c   0x00000184   Code   RO         4211    x$fpl$fdiv          fz_ws.l(fdiv.o)
    0x08006e00   0x00000036   Code   RO         4214    x$fpl$ffix          fz_ws.l(ffix.o)
    0x08006e36   0x00000002   PAD
    0x08006e38   0x0000003e   Code   RO         4218    x$fpl$ffixu         fz_ws.l(ffixu.o)
    0x08006e76   0x00000002   PAD
    0x08006e78   0x00000030   Code   RO         4223    x$fpl$fflt          fz_ws.l(fflt_clz.o)
    0x08006ea8   0x00000026   Code   RO         4222    x$fpl$ffltu         fz_ws.l(fflt_clz.o)
    0x08006ece   0x00000002   PAD
    0x08006ed0   0x00000102   Code   RO         4228    x$fpl$fmul          fz_ws.l(fmul.o)
    0x08006fd2   0x0000008c   Code   RO         4272    x$fpl$fnaninf       fz_ws.l(fnaninf.o)
    0x0800705e   0x0000000a   Code   RO         4274    x$fpl$fretinf       fz_ws.l(fretinf.o)
    0x08007068   0x000000ea   Code   RO         4206    x$fpl$fsub          fz_ws.l(faddsub_clz.o)
    0x08007152   0x00000004   Code   RO         4230    x$fpl$printf1       fz_ws.l(printf1.o)
    0x08007156   0x00000064   Code   RO         4387    x$fpl$retnan        fz_ws.l(retnan.o)
    0x080071ba   0x0000005c   Code   RO         4276    x$fpl$scalbn        fz_ws.l(scalbn.o)
    0x08007216   0x0000004c   Code   RO         4232    x$fpl$scalbnf       fz_ws.l(scalbnf.o)
    0x08007262   0x00000030   Code   RO         4453    x$fpl$trapveneer    fz_ws.l(trapv.o)
    0x08007292   0x00000000   Code   RO         4278    x$fpl$usenofp       fz_ws.l(usenofp.o)
    0x08007292   0x00000010   Data   RO         3269    .constdata          system_stm32f1xx.o
    0x080072a2   0x00000008   Data   RO         3270    .constdata          system_stm32f1xx.o
    0x080072aa   0x00000818   Data   RO         3319    .constdata          oled.o
    0x08007ac2   0x0000001e   Data   RO         3459    .constdata          inv_mpu.o
    0x08007ae0   0x0000000c   Data   RO         3460    .constdata          inv_mpu.o
    0x08007aec   0x00000028   Data   RO         3461    .constdata          inv_mpu.o
    0x08007b14   0x00000bf6   Data   RO         3750    .constdata          inv_mpu_dmp_motion_driver.o
    0x0800870a   0x00000006   PAD
    0x08008710   0x00000050   Data   RO         4236    .constdata          m_ws.l(asin.o)
    0x08008760   0x00000098   Data   RO         4281    .constdata          m_ws.l(atan.o)
    0x080087f8   0x00000008   Data   RO         4307    .constdata          m_ws.l(qnan.o)
    0x08008800   0x00000094   Data   RO         4352    .constdata          c_w.l(bigflt0.o)
    0x08008894   0x00000020   Data   RO         4538    Region$$Table       anon$$obj.o
    0x080088b4   0x0000001c   Data   RO         4376    locale$$data        c_w.l(lc_numeric_c.o)


    Execution Region RW_IRAM1 (Base: 0x20000000, Size: 0x00000900, Max: 0x0000c000, ABSOLUTE)

    Base Addr    Size         Type   Attr      Idx    E Section Name        Object

    0x20000000   0x00000008   Data   RW           17    .data               main.o
    0x20000008   0x0000000c   Data   RW          987    .data               stm32f1xx_hal.o
    0x20000014   0x00000004   Data   RW         3271    .data               system_stm32f1xx.o
    0x20000018   0x0000002c   Data   RW         3462    .data               inv_mpu.o
    0x20000044   0x00000013   Data   RW         3941    .data               mpu6050.o
    0x20000057   0x00000001   PAD
    0x20000058   0x000000a8   Zero   RW          212    .bss                i2c.o
    0x20000100   0x00000120   Zero   RW          267    .bss                tim.o
    0x20000220   0x00000044   Zero   RW          349    .bss                usart.o
    0x20000264   0x00000010   Zero   RW         3749    .bss                inv_mpu_dmp_motion_driver.o
    0x20000274   0x00000028   Zero   RW         3935    .bss                mpu6050.o
    0x2000029c   0x00000060   Zero   RW         4390    .bss                c_w.l(libspace.o)
    0x200002fc   0x00000004   PAD
    0x20000300   0x00000200   Zero   RW            2    HEAP                startup_stm32f103xe.o
    0x20000500   0x00000400   Zero   RW            1    STACK               startup_stm32f103xe.o


==============================================================================

Image component sizes


      Code (inc. data)   RO Data    RW Data    ZI Data      Debug   Object Name

       188         20          0          0          0       1007   gpio.o
       280         46          0          0        168       2338   i2c.o
      4412        202         82         44          0      25805   inv_mpu.o
      2350        118       3062          0         16      19774   inv_mpu_dmp_motion_driver.o
       534         92          0          8          0     496610   main.o
        96         10          0          0          0       1053   motor.o
      1208         60          0         19         40      39866   mpu6050.o
       568         20       2072          0          0       5004   oled.o
        64         26        304          0       1536        824   startup_stm32f103xe.o
       164         28          0         12          0       6613   stm32f1xx_hal.o
       198         14          0          0          0      29027   stm32f1xx_hal_cortex.o
       530         42          0          0          0       3569   stm32f1xx_hal_gpio.o
      2262         56          0          0          0      12926   stm32f1xx_hal_i2c.o
        60          8          0          0          0        898   stm32f1xx_hal_msp.o
      1272        100          0          0          0       5268   stm32f1xx_hal_rcc.o
      2212         96          0          0          0      17751   stm32f1xx_hal_tim.o
       128         20          0          0          0       2421   stm32f1xx_hal_tim_ex.o
       282          6          0          0          0       1912   stm32f1xx_hal_uart.o
        32          6          0          0          0       4428   stm32f1xx_it.o
         2          0         24          4          0       1155   system_stm32f1xx.o
       748         78          0          0        288       5555   tim.o
       168         20          0          0         68       1726   usart.o

    ----------------------------------------------------------------------
     17792       1068       5582         88       2116     685530   Object Totals
         0          0         32          0          0          0   (incl. Generated)
        34          0          6          1          0          0   (incl. Padding)

    ----------------------------------------------------------------------

      Code (inc. data)   RO Data    RW Data    ZI Data      Debug   Library Member Name

         8          0          0          0          0         68   __main.o
       284          0          0          0          0        156   __printf_wp.o
         0          0          0          0          0          0   __rtentry.o
        12          0          0          0          0          0   __rtentry2.o
         6          0          0          0          0          0   __rtentry4.o
        52          8          0          0          0          0   __scatter.o
        26          0          0          0          0          0   __scatter_copy.o
        28          0          0          0          0          0   __scatter_zi.o
        48          6          0          0          0         96   _printf_char_common.o
         6          0          0          0          0          0   _printf_f.o
      1050          0          0          0          0        216   _printf_fp_dec.o
       128         16          0          0          0         84   _printf_fp_infnan.o
         0          0          0          0          0          0   _printf_percent.o
         4          0          0          0          0          0   _printf_percent_end.o
        22          0          0          0          0        100   _rserrno.o
        10          0          0          0          0         68   _sputc.o
        16          0          0          0          0         68   aeabi_memset.o
       220          4        148          0          0         96   bigflt0.o
      1910        128          0          0          0        672   btod.o
        18          0          0          0          0         80   exit.o
         6          0          0          0          0        152   heapauxi.o
         0          0          0          0          0          0   indicate_semi.o
        44         10         28          0          0         76   lc_numeric_c.o
         2          0          0          0          0          0   libinit.o
        18          0          0          0          0          0   libinit2.o
         2          0          0          0          0          0   libshutdown.o
         2          0          0          0          0          0   libshutdown2.o
         8          4          0          0         96         68   libspace.o
        72          0          0          0          0         76   llsdiv.o
       138          0          0          0          0         80   lludiv10.o
       238          0          0          0          0        100   lludivv7m.o
        88          0          0          0          0         76   memcmp.o
        40          6          0          0          0         84   noretval__2sprintf.o
         8          4          0          0          0         68   rt_errno_addr_intlibspace.o
         8          4          0          0          0         68   rt_locale_intlibspace.o
        68          0          0          0          0         68   rt_memclr.o
        78          0          0          0          0         80   rt_memclr_w.o
         2          0          0          0          0          0   rtexit.o
        10          0          0          0          0          0   rtexit2.o
       128          0          0          0          0         68   strcmpv7m.o
        12          4          0          0          0         68   sys_exit.o
        74          0          0          0          0         80   sys_stackheap_outer.o
         2          0          0          0          0         68   use_no_semi.o
        98          4          0          0          0         92   d2f.o
       826         16          0          0          0        348   daddsub_clz.o
        16          4          0          0          0         68   dcheck1.o
       688        140          0          0          0        208   ddiv.o
       340         12          0          0          0        104   dmul.o
       156          4          0          0          0         92   dnaninf.o
        12          0          0          0          0         68   dretinf.o
       460         56          0          0          0        120   dsqrt_noumaal.o
        86          4          0          0          0         84   f2d.o
       430          8          0          0          0        168   faddsub_clz.o
        12          4          0          0          0         68   fcheck1.o
       388         76          0          0          0         96   fdiv.o
        54          4          0          0          0         84   ffix.o
        62          4          0          0          0         84   ffixu.o
        86          0          0          0          0        136   fflt_clz.o
       258          4          0          0          0         84   fmul.o
       140          4          0          0          0         84   fnaninf.o
        10          0          0          0          0         68   fretinf.o
         4          0          0          0          0         68   printf1.o
       100          0          0          0          0         68   retnan.o
        92          0          0          0          0         68   scalbn.o
        76          0          0          0          0         68   scalbnf.o
        48          0          0          0          0         68   trapv.o
         0          0          0          0          0          0   usenofp.o
       624         52         80          0          0        168   asin.o
       544         70        152          0          0        124   atan.o
       384         38          0          0          0        144   atan2.o
        38          6          0          0          0        272   dunder.o
        40          0          0          0          0         68   fpclassify.o
       170          0          0          0          0         96   poly.o
         0          0          8          0          0          0   qnan.o
        76          0          0          0          0         84   sqrt.o

    ----------------------------------------------------------------------
     11234        704        416          0        100       6336   Library Totals
        20          0          0          0          4          0   (incl. Padding)

    ----------------------------------------------------------------------

      Code (inc. data)   RO Data    RW Data    ZI Data      Debug   Library Name

      4896        194        176          0         96       2984   c_w.l
      4442        344          0          0          0       2396   fz_ws.l
      1876        166        240          0          0        956   m_ws.l

    ----------------------------------------------------------------------
     11234        704        416          0        100       6336   Library Totals

    ----------------------------------------------------------------------

==============================================================================


      Code (inc. data)   RO Data    RW Data    ZI Data      Debug   

     29026       1772       5998         88       2216     680370   Grand Totals
     29026       1772       5998         88       2216     680370   ELF Image Totals
     29026       1772       5998         88          0          0   ROM Totals

==============================================================================

    Total RO  Size (Code + RO Data)                35024 (  34.20kB)
    Total RW  Size (RW Data + ZI Data)              2304 (   2.25kB)
    Total ROM Size (Code + RO Data + RW Data)      35112 (  34.29kB)

==============================================================================

