<html>
<body>
<pre>
<h1>µVision Build Log</h1>
<h2>Tool Versions:</h2>
IDE-Version: ¦ÌVision V5.23.0.0
Copyright (C) 2017 ARM Ltd and ARM Germany GmbH. All rights reserved.
License Information: Darkarc HP Inc., HP Inc., LIC=0VRJ7-E0CJM-GQJ0H-W45G3-YASN2-VKDLW
 
Tool Versions:
Toolchain:       MDK-ARM Professional  Version: 5.23
Toolchain Path:  C:\works\Keil_v5\ARM\ARMCC\Bin
C Compiler:      Armcc.exe V5.06 update 4 (build 422)
Assembler:       Armasm.exe V5.06 update 4 (build 422)
Linker/Locator:  ArmLink.exe V5.06 update 4 (build 422)
Library Manager: ArmAr.exe V5.06 update 4 (build 422)
Hex Converter:   FromElf.exe V5.06 update 4 (build 422)
CPU DLL:         SARMCM3.DLL V5.23
Dialog DLL:      DCM.DLL V1.15.0.0
Target DLL:      STLink\ST-LINKIII-KEIL_SWO.dll V2.0.18.0
Dialog DLL:      TCM.DLL V1.27.0.0
 
<h2>Project:</h2>
C:\Users\Arc\Documents\codeProjects\keil\Balance_car\Balance_car\MDK-ARM\Balance_car.uvprojx
Project File Date:  02/01/2022

<h2>Output:</h2>
*** Using Compiler 'V5.06 update 4 (build 422)', folder: 'C:\works\Keil_v5\ARM\ARMCC\Bin'
Build target 'Balance_car'
compiling main.c...
../Core/Src/main.c(183): warning:  #177-D: variable "stry"  was declared but never referenced
  		char strx[20],stry[20],strz[20];
../Core/Src/main.c(183): warning:  #177-D: variable "strz"  was declared but never referenced
  		char strx[20],stry[20],strz[20];
../Core/Src/main.c(127): warning:  #550-D: variable "pwmVal"  was set but never used
  	uint16_t pwmVal=0;
../Core/Src/main.c: 3 warnings, 0 errors
linking...
Program Size: Code=29026 RO-data=5998 RW-data=88 ZI-data=2216  
FromELF: creating hex file...
"Balance_car\Balance_car.axf" - 0 Error(s), 3 Warning(s).

<h2>Software Packages used:</h2>

Package Vendor: ARM
                http://www.keil.com/pack/ARM.CMSIS.5.0.1.pack
                ARM::CMSIS:CORE:5.0.1
                CMSIS (Cortex Microcontroller Software Interface Standard)
   * Component: CORE Version: 5.0.1

<h2>Collection of Component include folders:</h2>
  .\RTE\_Balance_car
  C:\works\Keil_v5\ARM\PACK\ARM\CMSIS\5.0.1\CMSIS\Include
  C:\works\Keil_v5\ARM\PACK\Keil\STM32F1xx_DFP\1.1.0\Device\Include

<h2>Collection of Component Files used:</h2>

   * Component: ARM::CMSIS:CORE:5.0.1
Build Time Elapsed:  00:00:02
</pre>
</body>
</html>
